15:35:26 **** Incremental Build of configuration Debug for project Uber_V2 ****
make -j12 all 
arm-none-eabi-gcc "../Core/Src/main.c" -mcpu=cortex-m3 -std=gnu11 -g3 -DUSE_HAL_DRIVER -DSTM32F103xB -DDEBUG -c -I../Core/Inc -I../Drivers/STM32F1xx_HAL_Driver/Inc -I../Drivers/STM32F1xx_HAL_Driver/Inc/Legacy -I../Drivers/CMSIS/Device/ST/STM32F1xx/Include -I../Drivers/CMSIS/Include -O0 -ffunction-sections -fdata-sections -Wall -fstack-usage -MMD -MP -MF"Core/Src/main.d" -MT"Core/Src/main.o" --specs=nano.specs -mfloat-abi=soft -mthumb -o "Core/Src/main.o"
../Core/Src/main.c: In function 'BEMF_SixStep_TEST':
../Core/Src/main.c:477:24: warning: 'return' with no value, in function returning non-void
  if(rx_buffer[0] == 0) return;
                        ^~~~~~
../Core/Src/main.c:473:10: note: declared here
 uint32_t BEMF_SixStep_TEST(uint16_t Value, uint16_t LastTicks){
          ^~~~~~~~~~~~~~~~~
../Core/Src/main.c:488:24: warning: 'return' with no value, in function returning non-void
  if(rx_buffer[0] == 0) return;
                        ^~~~~~
../Core/Src/main.c:473:10: note: declared here
 uint32_t BEMF_SixStep_TEST(uint16_t Value, uint16_t LastTicks){
          ^~~~~~~~~~~~~~~~~
../Core/Src/main.c:499:24: warning: 'return' with no value, in function returning non-void
  if(rx_buffer[0] == 0) return;
                        ^~~~~~
../Core/Src/main.c:473:10: note: declared here
 uint32_t BEMF_SixStep_TEST(uint16_t Value, uint16_t LastTicks){
          ^~~~~~~~~~~~~~~~~
../Core/Src/main.c:510:24: warning: 'return' with no value, in function returning non-void
  if(rx_buffer[0] == 0) return;
                        ^~~~~~
../Core/Src/main.c:473:10: note: declared here
 uint32_t BEMF_SixStep_TEST(uint16_t Value, uint16_t LastTicks){
          ^~~~~~~~~~~~~~~~~
../Core/Src/main.c:521:24: warning: 'return' with no value, in function returning non-void
  if(rx_buffer[0] == 0) return;
                        ^~~~~~
../Core/Src/main.c:473:10: note: declared here
 uint32_t BEMF_SixStep_TEST(uint16_t Value, uint16_t LastTicks){
          ^~~~~~~~~~~~~~~~~
../Core/Src/main.c:532:24: warning: 'return' with no value, in function returning non-void
  if(rx_buffer[0] == 0) return;
                        ^~~~~~
../Core/Src/main.c:473:10: note: declared here
 uint32_t BEMF_SixStep_TEST(uint16_t Value, uint16_t LastTicks){
          ^~~~~~~~~~~~~~~~~
../Core/Src/main.c: In function 'BEMF_SixStep_TEST_rev':
../Core/Src/main.c:550:24: warning: 'return' with no value, in function returning non-void
  if(rx_buffer[0] == 0) return;
                        ^~~~~~
../Core/Src/main.c:546:10: note: declared here
 uint32_t BEMF_SixStep_TEST_rev(uint16_t Value, uint16_t LastTicks){
          ^~~~~~~~~~~~~~~~~~~~~
../Core/Src/main.c:561:24: warning: 'return' with no value, in function returning non-void
  if(rx_buffer[0] == 0) return;
                        ^~~~~~
../Core/Src/main.c:546:10: note: declared here
 uint32_t BEMF_SixStep_TEST_rev(uint16_t Value, uint16_t LastTicks){
          ^~~~~~~~~~~~~~~~~~~~~
../Core/Src/main.c:572:24: warning: 'return' with no value, in function returning non-void
  if(rx_buffer[0] == 0) return;
                        ^~~~~~
../Core/Src/main.c:546:10: note: declared here
 uint32_t BEMF_SixStep_TEST_rev(uint16_t Value, uint16_t LastTicks){
          ^~~~~~~~~~~~~~~~~~~~~
../Core/Src/main.c:583:24: warning: 'return' with no value, in function returning non-void
  if(rx_buffer[0] == 0) return;
                        ^~~~~~
../Core/Src/main.c:546:10: note: declared here
 uint32_t BEMF_SixStep_TEST_rev(uint16_t Value, uint16_t LastTicks){
          ^~~~~~~~~~~~~~~~~~~~~
../Core/Src/main.c:594:24: warning: 'return' with no value, in function returning non-void
  if(rx_buffer[0] == 0) return;
                        ^~~~~~
../Core/Src/main.c:546:10: note: declared here
 uint32_t BEMF_SixStep_TEST_rev(uint16_t Value, uint16_t LastTicks){
          ^~~~~~~~~~~~~~~~~~~~~
../Core/Src/main.c:605:24: warning: 'return' with no value, in function returning non-void
  if(rx_buffer[0] == 0) return;
                        ^~~~~~
../Core/Src/main.c:546:10: note: declared here
 uint32_t BEMF_SixStep_TEST_rev(uint16_t Value, uint16_t LastTicks){
          ^~~~~~~~~~~~~~~~~~~~~
../Core/Src/main.c: In function 'main':
../Core/Src/main.c:798:29: warning: passing argument 2 of 'HAL_ADC_Start_DMA' from incompatible pointer type [-Wincompatible-pointer-types]
   HAL_ADC_Start_DMA(&hadc1, ADC_data, 4);  // Po konwersji ADC, DMA zapisuje odczyty
                             ^~~~~~~~
In file included from ../Core/Inc/stm32f1xx_hal_conf.h:273:0,
                 from ../Drivers/STM32F1xx_HAL_Driver/Inc/stm32f1xx_hal.h:30,
                 from ../Core/Inc/main.h:31,
                 from ../Core/Src/main.c:21:
../Drivers/STM32F1xx_HAL_Driver/Inc/stm32f1xx_hal_adc.h:929:25: note: expected 'uint32_t * {aka long unsigned int *}' but argument is of type 'uint16_t * {aka short unsigned int *}'
 HAL_StatusTypeDef       HAL_ADC_Start_DMA(ADC_HandleTypeDef* hadc, uint32_t* pData, uint32_t Length);
                         ^~~~~~~~~~~~~~~~~
../Core/Src/main.c:856:1: warning: this 'while' clause does not guard... [-Wmisleading-indentation]
 while(1)SixStep(Speed, val);
 ^~~~~
../Core/Src/main.c:858:2: note: ...this statement, but the latter is misleadingly indented as if it were guarded by the 'while'
  uint16_t New_data[4096];
  ^~~~~~~~
../Core/Src/main.c:858:11: warning: unused variable 'New_data' [-Wunused-variable]
  uint16_t New_data[4096];
           ^~~~~~~~
../Core/Src/main.c:789:12: warning: unused variable 'Value' [-Wunused-variable]
   uint16_t Value = Presc;
            ^~~~~
../Core/Src/main.c:787:12: warning: unused variable 'SpeedArray' [-Wunused-variable]
   uint16_t SpeedArray[10] = {0xff00,0xf800,0xf000,0x8000,0x0fff,0x0ff0,0x0f00,0x0800,0x00ff,0x00f0};
            ^~~~~~~~~~
../Core/Src/main.c:786:12: warning: unused variable 'ValueArray' [-Wunused-variable]
   uint16_t ValueArray[10] = {0x0002,0x0003,0x0003,0x0003,0x0003,0x0003,0x0003,0x0003,0x0003,0x0003};
            ^~~~~~~~~~
arm-none-eabi-gcc -o "Uber_V2.elf" @"objects.list"   -mcpu=cortex-m3 -T"N:\GitProjects\UberDriver\1.UberDirver v3 STM32F103\Program\Uber_V2\STM32F103TBUX_FLASH.ld" --specs=nosys.specs -Wl,-Map="Uber_V2.map" -Wl,--gc-sections -static --specs=nano.specs -mfloat-abi=soft -mthumb -Wl,--start-group -lc -lm -Wl,--end-group
Finished building target: Uber_V2.elf
 
arm-none-eabi-objdump -h -S  Uber_V2.elf  > "Uber_V2.list"
arm-none-eabi-objcopy  -O binary  Uber_V2.elf  "Uber_V2.bin"
arm-none-eabi-size   Uber_V2.elf 
   text	   data	    bss	    dec	    hex	filename
  23300	     24	   2344	  25668	   6444	Uber_V2.elf
Finished building: default.size.stdout
 
Finished building: Uber_V2.bin
 
Finished building: Uber_V2.list
 

15:35:27 Build Finished. 0 errors, 18 warnings. (took 741ms)

