main.c:79:6:StartPWM	8	static
main.c:89:6:SetZero_A	8	static
main.c:94:6:SetZero_B	8	static
main.c:99:6:SetZero_C	8	static
main.c:104:6:SetPulse_AH	16	static
main.c:109:6:SetPulse_BH	16	static
main.c:114:6:SetPulse_CH	16	static
main.c:119:6:SetFloating_A	8	static
main.c:124:6:SetFloating_B	8	static
main.c:129:6:SetFloating_C	8	static
main.c:134:6:Delay_Tick	16	static
main.c:144:6:SixStep	16	static
main.c:177:10:WaitForCross	24	static
main.c:192:6:BEMF_SixStep	24	static
main.c:227:6:HAL_TIM_TriggerCallback	16	static
main.c:237:6:HAL_ADC_ConvCpltCallback	16	static
main.c:281:5:main	184	static
main.c:472:6:SystemClock_Config	88	static
main.c:517:13:MX_ADC1_Init	24	static
main.c:586:13:MX_ADC2_Init	24	static
main.c:631:13:MX_CAN_Init	8	static
main.c:668:13:MX_SPI1_Init	8	static
main.c:706:13:MX_TIM1_Init	96	static
main.c:786:13:MX_TIM2_Init	64	static
main.c:845:13:MX_TIM3_Init	64	static
main.c:904:13:MX_TIM4_Init	32	static
main.c:949:13:MX_USART1_UART_Init	8	static
main.c:980:13:MX_DMA_Init	16	static
main.c:998:13:MX_GPIO_Init	40	static
main.c:1056:6:Error_Handler	4	static
