control.c:29:6:HAL_ADC_ConvCpltCallback	24	static
control.c:56:6:Control_Init	24	static
control.c:100:6:StartPWM	4	static
control.c:106:6:SetZero_A	8	static
control.c:111:6:SetZero_B	8	static
control.c:116:6:SetZero_C	8	static
control.c:121:6:SetPulse_AH	16	static
control.c:126:6:SetPulse_BH	16	static
control.c:131:6:SetPulse_CH	16	static
control.c:136:6:SetFloating_A	8	static
control.c:141:6:SetFloating_B	8	static
control.c:146:6:SetFloating_C	8	static
control.c:151:6:SixStep	16	static
control.c:190:6:SixStep_rev	16	static
control.c:229:10:WaitForCross	24	static
control.c:259:10:WaitForCross2	24	static
control.c:277:10:BEMF_SixStep	24	static
control.c:361:10:BEMF_SixStep_rev	24	static
control.c:445:10:BEMF_SixStep_TEST	24	static
control.c:517:10:BEMF_SixStep_TEST_rev	24	static
control.c:589:6:WaitForRise	16	static
control.c:597:6:WaitForFall	16	static
control.c:605:6:Accelerate_01	16	static
control.c:623:6:Delay_Tick	16	static
control.c:634:6:HAL_TIM_TriggerCallback	24	static
