control.c:38:6:EnableScan	4	static
control.c:42:9:IsScanReady	4	static
control.c:47:10:GetScanData	4	static
control.c:67:6:BEMF_Observer_Block	16	static
control.c:155:6:Set_Observer_Div	16	static
control.c:171:6:HALL_Observer_Block	8	static
control.c:253:6:Six_Step_Block	16	static
control.c:300:6:Sin_Block	16	static
control.c:312:6:Set_PWM	16	static
control.c:316:6:HAL_ADC_ConvCpltCallback	24	static
control.c:346:6:Control_Init	24	static
control.c:390:6:SetZero_A	4	static
control.c:396:6:SetZero_B	4	static
control.c:402:6:SetZero_C	4	static
control.c:408:6:SetPulse_AH	16	static
control.c:414:6:SetPulse_BH	16	static
control.c:420:6:SetPulse_CH	16	static
control.c:426:6:SetFloating_A	4	static
control.c:432:6:SetFloating_B	4	static
control.c:438:6:SetFloating_C	4	static
control.c:444:6:SixStep	16	static
control.c:483:6:SixStep_rev	16	static
control.c:522:10:WaitForCross	24	static
control.c:540:10:WaitForCross2	24	static
control.c:558:10:WaitForHall	16	static
control.c:570:10:WaitForBemf	16	static
control.c:588:6:Delay_20us	16	static
control.c:594:6:Hall_Change_Active	16	static
control.c:607:6:ADC_Change_Order	32	static
control.c:631:10:WaitOneStep	24	static
control.c:646:10:HALL_WaitOneStep	16	static
control.c:657:10:HALL_SixStep	24	static
control.c:710:10:BEMF_SixStep	24	static
control.c:763:6:Delay_Tick	16	static
control.c:774:6:HAL_TIM_TriggerCallback	24	static
