control.c:29:6:HAL_ADC_ConvCpltCallback	24	static
control.c:56:6:Control_Init	24	static
control.c:77:6:StartPWM	8	static
control.c:93:6:SetZero_A	8	static
control.c:98:6:SetZero_B	8	static
control.c:103:6:SetZero_C	8	static
control.c:108:6:SetPulse_AH	16	static
control.c:113:6:SetPulse_BH	16	static
control.c:118:6:SetPulse_CH	16	static
control.c:123:6:SetFloating_A	8	static
control.c:128:6:SetFloating_B	8	static
control.c:133:6:SetFloating_C	8	static
control.c:138:6:SixStep	16	static
control.c:177:6:SixStep_rev	16	static
control.c:216:10:WaitForCross	24	static
control.c:246:10:WaitForCross2	24	static
control.c:264:10:BEMF_SixStep	24	static
control.c:348:10:BEMF_SixStep_rev	24	static
control.c:432:10:BEMF_SixStep_TEST	24	static
control.c:504:10:BEMF_SixStep_TEST_rev	24	static
control.c:576:6:WaitForRise	16	static
control.c:584:6:WaitForFall	16	static
control.c:592:6:Accelerate_01	16	static
control.c:610:6:Delay_Tick	16	static
control.c:622:6:HAL_TIM_TriggerCallback	16	static
