control.c:26:6:Control_Init	16	static
control.c:41:6:StartPWM	8	static
control.c:59:6:SetZero_A	8	static
control.c:64:6:SetZero_B	8	static
control.c:69:6:SetZero_C	8	static
control.c:74:6:SetPulse_AH	16	static
control.c:79:6:SetPulse_BH	16	static
control.c:84:6:SetPulse_CH	16	static
control.c:89:6:SetFloating_A	8	static
control.c:94:6:SetFloating_B	8	static
control.c:99:6:SetFloating_C	8	static
control.c:104:6:SixStep	16	static
control.c:144:6:SixStep_rev	16	static
control.c:184:10:WaitForCross	24	static
control.c:214:10:WaitForCross2	24	static
control.c:232:10:BEMF_SixStep	24	static
control.c:317:10:BEMF_SixStep_rev	24	static
control.c:402:10:BEMF_SixStep_TEST	24	static
control.c:475:10:BEMF_SixStep_TEST_rev	24	static
control.c:548:6:WaitForRise	16	static
control.c:556:6:WaitForFall	16	static
control.c:564:6:HAL_ADC_ConvCpltCallback	24	static
control.c:592:6:HAL_UART_RxCpltCallback	16	static
control.c:604:6:Accelerate_01	16	static
