control.c:32:6:EnableScan	4	static
control.c:36:9:IsScanReady	4	static
control.c:41:10:GetScanData	4	static
control.c:47:6:BEMF_Observer	24	static
control.c:77:6:HAL_ADC_ConvCpltCallback	24	static
control.c:105:6:Control_Init	24	static
control.c:149:6:SetZero_A	4	static
control.c:155:6:SetZero_B	4	static
control.c:161:6:SetZero_C	4	static
control.c:167:6:SetPulse_AH	16	static
control.c:173:6:SetPulse_BH	16	static
control.c:179:6:SetPulse_CH	16	static
control.c:185:6:SetFloating_A	4	static
control.c:192:6:SetFloating_B	4	static
control.c:199:6:SetFloating_C	4	static
control.c:206:6:SixStep	16	static
control.c:245:6:SixStep_rev	16	static
control.c:284:10:WaitForCross	24	static
control.c:314:10:WaitForCross2	24	static
control.c:332:10:BEMF_SixStep	24	static
control.c:416:10:BEMF_SixStep_rev	24	static
control.c:500:10:BEMF_SixStep_TEST	24	static
control.c:572:10:BEMF_SixStep_TEST_rev	24	static
control.c:644:10:BEMF_SixStep_TEST_3_rev	24	static
control.c:718:10:BEMF_SixStep_TEST_2_rev	24	static
control.c:785:6:WaitForRise	16	static
control.c:793:6:WaitForFall	16	static
control.c:801:6:Accelerate_01	16	static
control.c:819:6:Delay_Tick	16	static
control.c:830:6:HAL_TIM_TriggerCallback	24	static
