control.c:36:6:EnableScan	4	static
control.c:40:9:IsScanReady	4	static
control.c:45:10:GetScanData	4	static
control.c:67:6:BEMF_Observer_Block	16	static
control.c:148:6:Set_Observer_Div	16	static
control.c:167:6:HALL_Observer_Block	16	static
control.c:268:6:Six_Step_Block	16	static
control.c:320:6:DupkoSin_Block	24	static
control.c:366:6:Set_PWM	16	static
control.c:370:6:HAL_ADC_ConvCpltCallback	16	static
control.c:377:6:Control_Init	24	static
control.c:421:6:SetZero_A	4	static
control.c:427:6:SetZero_B	4	static
control.c:433:6:SetZero_C	4	static
control.c:439:6:SetPulse_AH	16	static
control.c:445:6:SetPulse_BH	16	static
control.c:451:6:SetPulse_CH	16	static
control.c:457:6:SetFloating_A	4	static
control.c:463:6:SetFloating_B	4	static
control.c:469:6:SetFloating_C	4	static
control.c:475:6:SixStep	16	static
control.c:514:6:SixStep_rev	16	static
control.c:553:10:WaitForCross	24	static
control.c:571:10:WaitForCross2	24	static
control.c:589:10:WaitForHall	16	static
control.c:601:10:WaitForBemf	16	static
control.c:619:6:Delay_20us	16	static
control.c:625:6:Hall_Change_Active	16	static
control.c:638:6:ADC_Change_Order	32	static
control.c:657:10:WaitOneStep	24	static
control.c:672:10:HALL_WaitOneStep	16	static
control.c:683:10:HALL_SixStep	24	static
control.c:736:10:BEMF_SixStep	24	static
control.c:789:6:Delay_Tick	16	static
control.c:800:6:HAL_TIM_TriggerCallback	16	static
