control.c:32:6:EnableScan	4	static
control.c:36:9:IsScanReady	4	static
control.c:41:10:GetScanData	4	static
control.c:47:6:BEMF_Observer	16	static
control.c:66:6:HAL_ADC_ConvCpltCallback	24	static
control.c:94:6:Control_Init	24	static
control.c:138:6:SetZero_A	4	static
control.c:144:6:SetZero_B	4	static
control.c:150:6:SetZero_C	4	static
control.c:156:6:SetPulse_AH	16	static
control.c:162:6:SetPulse_BH	16	static
control.c:168:6:SetPulse_CH	16	static
control.c:174:6:SetFloating_A	4	static
control.c:180:6:SetFloating_B	4	static
control.c:186:6:SetFloating_C	4	static
control.c:192:6:SixStep	16	static
control.c:231:6:SixStep_rev	16	static
control.c:270:10:WaitForCross	24	static
control.c:300:10:WaitForCross2	24	static
control.c:319:6:ADC_Change_Order	32	static
control.c:347:10:WaitOneStep	32	static
control.c:366:10:BEMF_SixStep	32	static
control.c:457:10:BEMF_SixStep_TEST_2_rev	24	static
control.c:524:6:WaitForRise	16	static
control.c:532:6:WaitForFall	16	static
control.c:540:6:Accelerate_01	16	static
control.c:558:6:Delay_Tick	16	static
control.c:569:6:HAL_TIM_TriggerCallback	24	static
