control.c:38:6:EnableScan	4	static
control.c:42:9:IsScanReady	4	static
control.c:47:10:GetScanData	4	static
control.c:66:6:BEMF_Observer_Block	16	static
control.c:145:6:Set_Observer_Div	16	static
control.c:158:6:HALL_Observer_Block	8	static
control.c:211:6:Six_Step_Block	16	static
control.c:257:6:Set_PWM	16	static
control.c:261:6:HAL_ADC_ConvCpltCallback	24	static
control.c:291:6:Control_Init	24	static
control.c:335:6:SetZero_A	4	static
control.c:341:6:SetZero_B	4	static
control.c:347:6:SetZero_C	4	static
control.c:353:6:SetPulse_AH	16	static
control.c:359:6:SetPulse_BH	16	static
control.c:365:6:SetPulse_CH	16	static
control.c:371:6:SetFloating_A	4	static
control.c:377:6:SetFloating_B	4	static
control.c:383:6:SetFloating_C	4	static
control.c:389:6:SixStep	16	static
control.c:428:6:SixStep_rev	16	static
control.c:467:10:WaitForCross	24	static
control.c:485:10:WaitForCross2	24	static
control.c:503:10:WaitForHall	16	static
control.c:515:10:WaitForBemf	16	static
control.c:533:6:Delay_20us	16	static
control.c:539:6:Hall_Change_Active	16	static
control.c:552:6:ADC_Change_Order	32	static
control.c:576:10:WaitOneStep	24	static
control.c:591:10:HALL_WaitOneStep	16	static
control.c:602:10:HALL_SixStep	24	static
control.c:655:10:BEMF_SixStep	24	static
control.c:708:6:Delay_Tick	16	static
control.c:719:6:HAL_TIM_TriggerCallback	24	static
