control.c:38:6:EnableScan	4	static
control.c:42:9:IsScanReady	4	static
control.c:47:10:GetScanData	4	static
control.c:67:6:BEMF_Observer_Block	16	static
control.c:155:6:Set_Observer_Div	16	static
control.c:168:6:HALL_Observer_Block	8	static
control.c:231:6:Six_Step_Block	16	static
control.c:277:6:Sin_Block	16	static
control.c:289:6:Set_PWM	16	static
control.c:293:6:HAL_ADC_ConvCpltCallback	24	static
control.c:323:6:Control_Init	24	static
control.c:367:6:SetZero_A	4	static
control.c:373:6:SetZero_B	4	static
control.c:379:6:SetZero_C	4	static
control.c:385:6:SetPulse_AH	16	static
control.c:391:6:SetPulse_BH	16	static
control.c:397:6:SetPulse_CH	16	static
control.c:403:6:SetFloating_A	4	static
control.c:409:6:SetFloating_B	4	static
control.c:415:6:SetFloating_C	4	static
control.c:421:6:SixStep	16	static
control.c:460:6:SixStep_rev	16	static
control.c:499:10:WaitForCross	24	static
control.c:517:10:WaitForCross2	24	static
control.c:535:10:WaitForHall	16	static
control.c:547:10:WaitForBemf	16	static
control.c:565:6:Delay_20us	16	static
control.c:571:6:Hall_Change_Active	16	static
control.c:584:6:ADC_Change_Order	32	static
control.c:608:10:WaitOneStep	24	static
control.c:623:10:HALL_WaitOneStep	16	static
control.c:634:10:HALL_SixStep	24	static
control.c:687:10:BEMF_SixStep	24	static
control.c:740:6:Delay_Tick	16	static
control.c:751:6:HAL_TIM_TriggerCallback	24	static
