control.c:36:6:EnableScan	4	static
control.c:40:9:IsScanReady	4	static
control.c:45:10:GetScanData	4	static
control.c:67:6:BEMF_Observer_Block	24	static
control.c:171:6:Set_Observer_Div	16	static
control.c:187:6:HALL_Observer_Block	8	static
control.c:269:6:Six_Step_Block	16	static
control.c:318:6:Sin_Block	24	static
control.c:364:6:Set_PWM	16	static
control.c:368:6:HAL_ADC_ConvCpltCallback	16	static
control.c:375:6:Control_Init	24	static
control.c:419:6:SetZero_A	4	static
control.c:425:6:SetZero_B	4	static
control.c:431:6:SetZero_C	4	static
control.c:437:6:SetPulse_AH	16	static
control.c:443:6:SetPulse_BH	16	static
control.c:449:6:SetPulse_CH	16	static
control.c:455:6:SetFloating_A	4	static
control.c:461:6:SetFloating_B	4	static
control.c:467:6:SetFloating_C	4	static
control.c:473:6:SixStep	16	static
control.c:512:6:SixStep_rev	16	static
control.c:551:10:WaitForCross	24	static
control.c:569:10:WaitForCross2	24	static
control.c:587:10:WaitForHall	16	static
control.c:599:10:WaitForBemf	16	static
control.c:617:6:Delay_20us	16	static
control.c:623:6:Hall_Change_Active	16	static
control.c:636:6:ADC_Change_Order	32	static
control.c:660:10:WaitOneStep	24	static
control.c:675:10:HALL_WaitOneStep	16	static
control.c:686:10:HALL_SixStep	24	static
control.c:739:10:BEMF_SixStep	24	static
control.c:792:6:Delay_Tick	16	static
control.c:803:6:HAL_TIM_TriggerCallback	24	static
