main.c:111:6:Delay_Tick	16	static
main.c:124:6:HAL_TIM_TriggerCallback	16	static
main.c:167:5:main	8688	static
main.c:556:6:SystemClock_Config	88	static
main.c:601:13:MX_ADC1_Init	24	static
main.c:694:13:MX_SPI1_Init	8	static
main.c:732:13:MX_TIM1_Init	96	static
main.c:812:13:MX_TIM2_Init	64	static
main.c:871:13:MX_TIM3_Init	64	static
main.c:930:13:MX_TIM4_Init	32	static
main.c:975:13:MX_USART1_UART_Init	8	static
main.c:1006:13:MX_DMA_Init	16	static
main.c:1030:13:MX_GPIO_Init	40	static
main.c:1094:6:Error_Handler	4	static
