11:34:52 **** Incremental Build of configuration Debug for project Tajny ****
make -j12 all 
arm-none-eabi-gcc "../Core/Src/main.c" -mcpu=cortex-m3 -std=gnu11 -g3 -DUSE_HAL_DRIVER -DSTM32F103xB -DDEBUG -c -I../Core/Inc -I../Drivers/STM32F1xx_HAL_Driver/Inc -I../Drivers/STM32F1xx_HAL_Driver/Inc/Legacy -I../Drivers/CMSIS/Device/ST/STM32F1xx/Include -I../Drivers/CMSIS/Include -I../USB_DEVICE/App -I../USB_DEVICE/Target -I../Middlewares/ST/STM32_USB_Device_Library/Core/Inc -I../Middlewares/ST/STM32_USB_Device_Library/Class/CDC/Inc -O0 -ffunction-sections -fdata-sections -Wall -fstack-usage -MMD -MP -MF"Core/Src/main.d" -MT"Core/Src/main.o" --specs=nano.specs -mfloat-abi=soft -mthumb -o "Core/Src/main.o"
../Core/Src/main.c: In function 'main':
../Core/Src/main.c:99:4: warning: implicit declaration of function 'CDC_Transmit_FS' [-Wimplicit-function-declaration]
    CDC_Transmit_FS('A', 1);
    ^~~~~~~~~~~~~~~
arm-none-eabi-gcc -o "Tajny.elf" @"objects.list"   -mcpu=cortex-m3 -T"N:\GitProjects\UberDriver\1.UberDirver v3\Program\Tajny\STM32F103C8TX_FLASH.ld" --specs=nosys.specs -Wl,-Map="Tajny.map" -Wl,--gc-sections -static --specs=nano.specs -mfloat-abi=soft -mthumb -Wl,--start-group -lc -lm -Wl,--end-group
Finished building target: Tajny.elf
 
arm-none-eabi-objdump -h -S  Tajny.elf  > "Tajny.list"
arm-none-eabi-objcopy  -O binary  Tajny.elf  "Tajny.bin"
arm-none-eabi-size   Tajny.elf 
   text	   data	    bss	    dec	    hex	filename
  21772	    388	   5956	  28116	   6dd4	Tajny.elf
Finished building: default.size.stdout
 
Finished building: Tajny.bin
 
Finished building: Tajny.list
 

11:34:54 Build Finished. 0 errors, 1 warnings. (took 2s.352ms)

