main.c:89:5:main	8	static
main.c:142:6:SystemClock_Config	168	static
main.c:193:13:MX_ADC1_Init	56	static
main.c:258:13:MX_ADC2_Init	40	static
main.c:315:13:MX_FDCAN1_Init	8	static
main.c:358:13:MX_OPAMP1_Init	8	static
main.c:392:13:MX_OPAMP2_Init	8	static
main.c:426:13:MX_OPAMP3_Init	8	static
main.c:460:13:MX_SPI1_Init	8	static
main.c:500:13:MX_TIM1_Init	104	static
main.c:582:13:MX_TIM8_Init	104	static
main.c:664:13:MX_USART1_UART_Init	8	static
main.c:712:13:MX_GPIO_Init	48	static
main.c:755:6:Error_Handler	4	static
