main.c:106:6:StartPWM	8	static
main.c:120:6:SetZero_A	8	static
main.c:125:6:SetZero_B	8	static
main.c:130:6:SetZero_C	8	static
main.c:135:6:SetPulse_AH	16	static
main.c:140:6:SetPulse_BH	16	static
main.c:145:6:SetPulse_CH	16	static
main.c:150:6:SetFloating_A	8	static
main.c:155:6:SetFloating_B	8	static
main.c:160:6:SetFloating_C	8	static
main.c:165:6:Delay_Tick	16	static
main.c:175:6:SixStep	16	static
main.c:215:6:SixStep_rev	16	static
main.c:255:10:WaitForCross	24	static
main.c:285:10:WaitForCross2	24	static
main.c:303:10:BEMF_SixStep	24	static
main.c:388:10:BEMF_SixStep_rev	24	static
main.c:473:10:BEMF_SixStep_TEST	24	static
main.c:546:10:BEMF_SixStep_TEST_rev	24	static
main.c:620:6:HAL_TIM_TriggerCallback	16	static
main.c:630:6:WaitForRise	16	static
main.c:638:6:WaitForFall	16	static
main.c:646:6:HAL_ADC_ConvCpltCallback	24	static
main.c:674:6:HAL_UART_RxCpltCallback	16	static
main.c:686:6:Accelerate_01	16	static
main.c:731:5:main	8344	static
main.c:1062:6:SystemClock_Config	88	static
main.c:1107:13:MX_ADC1_Init	24	static
main.c:1176:13:MX_SPI1_Init	8	static
main.c:1214:13:MX_TIM1_Init	96	static
main.c:1294:13:MX_TIM2_Init	64	static
main.c:1353:13:MX_TIM3_Init	64	static
main.c:1412:13:MX_TIM4_Init	32	static
main.c:1457:13:MX_USART1_UART_Init	8	static
main.c:1488:13:MX_DMA_Init	16	static
main.c:1512:13:MX_GPIO_Init	40	static
main.c:1576:6:Error_Handler	4	static
