main.c:71:6:SetPulse_A	16	static
main.c:78:6:SetPulse_B	16	static
main.c:85:6:SetPulse_C	16	static
main.c:92:6:SetPulse_AH	16	static
main.c:98:6:SetPulse_BH	16	static
main.c:104:6:SetPulse_CH	16	static
main.c:110:6:SetFloating_A	8	static
main.c:115:6:SetFloating_B	8	static
main.c:120:6:SetFloating_C	8	static
main.c:125:6:Delay_Tick	16	static
main.c:135:6:SixStep	16	static
main.c:168:10:WaitForCross	24	static
main.c:183:6:BEMF_SixStep	24	static
main.c:217:6:TriStep	16	static
main.c:235:6:HAL_TIM_PeriodElapsedCallback	16	static
main.c:276:5:main	16536	static
main.c:442:6:SystemClock_Config	88	static
main.c:487:13:MX_ADC1_Init	24	static
main.c:556:13:MX_ADC2_Init	24	static
main.c:601:13:MX_CAN_Init	8	static
main.c:638:13:MX_SPI1_Init	8	static
main.c:676:13:MX_TIM1_Init	96	static
main.c:764:13:MX_TIM2_Init	64	static
main.c:828:13:MX_TIM3_Init	64	static
main.c:892:13:MX_TIM4_Init	32	static
main.c:937:13:MX_USART1_UART_Init	8	static
main.c:968:13:MX_DMA_Init	16	static
main.c:986:13:MX_GPIO_Init	40	static
main.c:1044:6:Error_Handler	4	static
