Archive member included to satisfy reference by file (symbol)

c:/st/stm32cubeide_1.4.0/stm32cubeide/plugins/com.st.stm32cube.ide.mcu.externaltools.gnu-tools-for-stm32.7-2018-q2-update.win32_1.4.0.202007081208/tools/bin/../lib/gcc/arm-none-eabi/7.3.1/../../../../arm-none-eabi/lib/thumb/v7-m\libc_nano.a(lib_a-errno.o)
                              Core/Src/syscalls.o (__errno)
c:/st/stm32cubeide_1.4.0/stm32cubeide/plugins/com.st.stm32cube.ide.mcu.externaltools.gnu-tools-for-stm32.7-2018-q2-update.win32_1.4.0.202007081208/tools/bin/../lib/gcc/arm-none-eabi/7.3.1/../../../../arm-none-eabi/lib/thumb/v7-m\libc_nano.a(lib_a-exit.o)
                              c:/st/stm32cubeide_1.4.0/stm32cubeide/plugins/com.st.stm32cube.ide.mcu.externaltools.gnu-tools-for-stm32.7-2018-q2-update.win32_1.4.0.202007081208/tools/bin/../lib/gcc/arm-none-eabi/7.3.1/../../../../arm-none-eabi/lib/thumb/v7-m/crt0.o (exit)
c:/st/stm32cubeide_1.4.0/stm32cubeide/plugins/com.st.stm32cube.ide.mcu.externaltools.gnu-tools-for-stm32.7-2018-q2-update.win32_1.4.0.202007081208/tools/bin/../lib/gcc/arm-none-eabi/7.3.1/../../../../arm-none-eabi/lib/thumb/v7-m\libc_nano.a(lib_a-impure.o)
                              c:/st/stm32cubeide_1.4.0/stm32cubeide/plugins/com.st.stm32cube.ide.mcu.externaltools.gnu-tools-for-stm32.7-2018-q2-update.win32_1.4.0.202007081208/tools/bin/../lib/gcc/arm-none-eabi/7.3.1/../../../../arm-none-eabi/lib/thumb/v7-m\libc_nano.a(lib_a-exit.o) (_global_impure_ptr)
c:/st/stm32cubeide_1.4.0/stm32cubeide/plugins/com.st.stm32cube.ide.mcu.externaltools.gnu-tools-for-stm32.7-2018-q2-update.win32_1.4.0.202007081208/tools/bin/../lib/gcc/arm-none-eabi/7.3.1/../../../../arm-none-eabi/lib/thumb/v7-m\libc_nano.a(lib_a-init.o)
                              c:/st/stm32cubeide_1.4.0/stm32cubeide/plugins/com.st.stm32cube.ide.mcu.externaltools.gnu-tools-for-stm32.7-2018-q2-update.win32_1.4.0.202007081208/tools/bin/../lib/gcc/arm-none-eabi/7.3.1/../../../../arm-none-eabi/lib/thumb/v7-m/crt0.o (__libc_init_array)
c:/st/stm32cubeide_1.4.0/stm32cubeide/plugins/com.st.stm32cube.ide.mcu.externaltools.gnu-tools-for-stm32.7-2018-q2-update.win32_1.4.0.202007081208/tools/bin/../lib/gcc/arm-none-eabi/7.3.1/../../../../arm-none-eabi/lib/thumb/v7-m\libc_nano.a(lib_a-memcpy-stub.o)
                              Core/Src/DRV8305.o (memcpy)
c:/st/stm32cubeide_1.4.0/stm32cubeide/plugins/com.st.stm32cube.ide.mcu.externaltools.gnu-tools-for-stm32.7-2018-q2-update.win32_1.4.0.202007081208/tools/bin/../lib/gcc/arm-none-eabi/7.3.1/../../../../arm-none-eabi/lib/thumb/v7-m\libc_nano.a(lib_a-memset.o)
                              c:/st/stm32cubeide_1.4.0/stm32cubeide/plugins/com.st.stm32cube.ide.mcu.externaltools.gnu-tools-for-stm32.7-2018-q2-update.win32_1.4.0.202007081208/tools/bin/../lib/gcc/arm-none-eabi/7.3.1/../../../../arm-none-eabi/lib/thumb/v7-m/crt0.o (memset)
c:/st/stm32cubeide_1.4.0/stm32cubeide/plugins/com.st.stm32cube.ide.mcu.externaltools.gnu-tools-for-stm32.7-2018-q2-update.win32_1.4.0.202007081208/tools/bin/../lib/gcc/arm-none-eabi/7.3.1/thumb/v7-m\libgcc.a(_arm_addsubsf3.o)
                              Core/Src/main.o (__aeabi_fadd)
c:/st/stm32cubeide_1.4.0/stm32cubeide/plugins/com.st.stm32cube.ide.mcu.externaltools.gnu-tools-for-stm32.7-2018-q2-update.win32_1.4.0.202007081208/tools/bin/../lib/gcc/arm-none-eabi/7.3.1/thumb/v7-m\libgcc.a(_arm_muldivsf3.o)
                              Core/Src/main.o (__aeabi_fdiv)
c:/st/stm32cubeide_1.4.0/stm32cubeide/plugins/com.st.stm32cube.ide.mcu.externaltools.gnu-tools-for-stm32.7-2018-q2-update.win32_1.4.0.202007081208/tools/bin/../lib/gcc/arm-none-eabi/7.3.1/thumb/v7-m\libgcc.a(_arm_fixunssfsi.o)
                              Core/Src/main.o (__aeabi_f2uiz)

Allocating common symbols
Common symbol       size              file

htim4               0x40              Core/Src/main.o
uwTick              0x4               Drivers/STM32F1xx_HAL_Driver/Src/stm32f1xx_hal.o
pFlash              0x20              Drivers/STM32F1xx_HAL_Driver/Src/stm32f1xx_hal_flash.o
htim3               0x40              Core/Src/main.o
hdma_usart1_tx      0x44              Core/Src/main.o
hadc1               0x30              Core/Src/main.o
hdma_usart1_rx      0x44              Core/Src/main.o
huart1              0x40              Core/Src/main.o
hdma_adc1           0x44              Core/Src/main.o
htim1               0x40              Core/Src/main.o
hspi1               0x58              Core/Src/main.o
htim2               0x40              Core/Src/main.o

Discarded input sections

 .text          0x0000000000000000        0x0 c:/st/stm32cubeide_1.4.0/stm32cubeide/plugins/com.st.stm32cube.ide.mcu.externaltools.gnu-tools-for-stm32.7-2018-q2-update.win32_1.4.0.202007081208/tools/bin/../lib/gcc/arm-none-eabi/7.3.1/thumb/v7-m/crti.o
[...]
Memory Configuration

Name             Origin             Length             Attributes
RAM              0x0000000020000000 0x0000000000005000 xrw
FLASH            0x0000000008000000 0x0000000000020000 xr
*default*        0x0000000000000000 0xffffffffffffffff

Linker script and memory map

LOAD c:/st/stm32cubeide_1.4.0/stm32cubeide/plugins/com.st.stm32cube.ide.mcu.externaltools.gnu-tools-for-stm32.7-2018-q2-update.win32_1.4.0.202007081208/tools/bin/../lib/gcc/arm-none-eabi/7.3.1/thumb/v7-m/crti.o
LOAD c:/st/stm32cubeide_1.4.0/stm32cubeide/plugins/com.st.stm32cube.ide.mcu.externaltools.gnu-tools-for-stm32.7-2018-q2-update.win32_1.4.0.202007081208/tools/bin/../lib/gcc/arm-none-eabi/7.3.1/thumb/v7-m/crtbegin.o
LOAD c:/st/stm32cubeide_1.4.0/stm32cubeide/plugins/com.st.stm32cube.ide.mcu.externaltools.gnu-tools-for-stm32.7-2018-q2-update.win32_1.4.0.202007081208/tools/bin/../lib/gcc/arm-none-eabi/7.3.1/../../../../arm-none-eabi/lib/thumb/v7-m/crt0.o
LOAD Core/Src/DRV8305.o
LOAD Core/Src/main.o
LOAD Core/Src/stm32f1xx_hal_msp.o
LOAD Core/Src/stm32f1xx_it.o
LOAD Core/Src/syscalls.o
LOAD Core/Src/sysmem.o
LOAD Core/Src/system_stm32f1xx.o
LOAD Core/Startup/startup_stm32f103tbux.o
LOAD Drivers/STM32F1xx_HAL_Driver/Src/stm32f1xx_hal.o
LOAD Drivers/STM32F1xx_HAL_Driver/Src/stm32f1xx_hal_adc.o
LOAD Drivers/STM32F1xx_HAL_Driver/Src/stm32f1xx_hal_adc_ex.o
LOAD Drivers/STM32F1xx_HAL_Driver/Src/stm32f1xx_hal_cortex.o
LOAD Drivers/STM32F1xx_HAL_Driver/Src/stm32f1xx_hal_dma.o
LOAD Drivers/STM32F1xx_HAL_Driver/Src/stm32f1xx_hal_exti.o
LOAD Drivers/STM32F1xx_HAL_Driver/Src/stm32f1xx_hal_flash.o
LOAD Drivers/STM32F1xx_HAL_Driver/Src/stm32f1xx_hal_flash_ex.o
LOAD Drivers/STM32F1xx_HAL_Driver/Src/stm32f1xx_hal_gpio.o
LOAD Drivers/STM32F1xx_HAL_Driver/Src/stm32f1xx_hal_gpio_ex.o
LOAD Drivers/STM32F1xx_HAL_Driver/Src/stm32f1xx_hal_pwr.o
LOAD Drivers/STM32F1xx_HAL_Driver/Src/stm32f1xx_hal_rcc.o
LOAD Drivers/STM32F1xx_HAL_Driver/Src/stm32f1xx_hal_rcc_ex.o
LOAD Drivers/STM32F1xx_HAL_Driver/Src/stm32f1xx_hal_spi.o
LOAD Drivers/STM32F1xx_HAL_Driver/Src/stm32f1xx_hal_tim.o
LOAD Drivers/STM32F1xx_HAL_Driver/Src/stm32f1xx_hal_tim_ex.o
LOAD Drivers/STM32F1xx_HAL_Driver/Src/stm32f1xx_hal_uart.o
START GROUP
LOAD c:/st/stm32cubeide_1.4.0/stm32cubeide/plugins/com.st.stm32cube.ide.mcu.externaltools.gnu-tools-for-stm32.7-2018-q2-update.win32_1.4.0.202007081208/tools/bin/../lib/gcc/arm-none-eabi/7.3.1/../../../../arm-none-eabi/lib/thumb/v7-m\libc_nano.a
LOAD c:/st/stm32cubeide_1.4.0/stm32cubeide/plugins/com.st.stm32cube.ide.mcu.externaltools.gnu-tools-for-stm32.7-2018-q2-update.win32_1.4.0.202007081208/tools/bin/../lib/gcc/arm-none-eabi/7.3.1/../../../../arm-none-eabi/lib/thumb/v7-m\libm.a
END GROUP
START GROUP
LOAD c:/st/stm32cubeide_1.4.0/stm32cubeide/plugins/com.st.stm32cube.ide.mcu.externaltools.gnu-tools-for-stm32.7-2018-q2-update.win32_1.4.0.202007081208/tools/bin/../lib/gcc/arm-none-eabi/7.3.1/thumb/v7-m\libgcc.a
LOAD c:/st/stm32cubeide_1.4.0/stm32cubeide/plugins/com.st.stm32cube.ide.mcu.externaltools.gnu-tools-for-stm32.7-2018-q2-update.win32_1.4.0.202007081208/tools/bin/../lib/gcc/arm-none-eabi/7.3.1/../../../../arm-none-eabi/lib/thumb/v7-m\libc_nano.a
END GROUP
START GROUP
LOAD c:/st/stm32cubeide_1.4.0/stm32cubeide/plugins/com.st.stm32cube.ide.mcu.externaltools.gnu-tools-for-stm32.7-2018-q2-update.win32_1.4.0.202007081208/tools/bin/../lib/gcc/arm-none-eabi/7.3.1/thumb/v7-m\libgcc.a
LOAD c:/st/stm32cubeide_1.4.0/stm32cubeide/plugins/com.st.stm32cube.ide.mcu.externaltools.gnu-tools-for-stm32.7-2018-q2-update.win32_1.4.0.202007081208/tools/bin/../lib/gcc/arm-none-eabi/7.3.1/../../../../arm-none-eabi/lib/thumb/v7-m\libc_nano.a
LOAD c:/st/stm32cubeide_1.4.0/stm32cubeide/plugins/com.st.stm32cube.ide.mcu.externaltools.gnu-tools-for-stm32.7-2018-q2-update.win32_1.4.0.202007081208/tools/bin/../lib/gcc/arm-none-eabi/7.3.1/../../../../arm-none-eabi/lib/thumb/v7-m\libnosys.a
END GROUP
START GROUP
LOAD c:/st/stm32cubeide_1.4.0/stm32cubeide/plugins/com.st.stm32cube.ide.mcu.externaltools.gnu-tools-for-stm32.7-2018-q2-update.win32_1.4.0.202007081208/tools/bin/../lib/gcc/arm-none-eabi/7.3.1/thumb/v7-m\libgcc.a
LOAD c:/st/stm32cubeide_1.4.0/stm32cubeide/plugins/com.st.stm32cube.ide.mcu.externaltools.gnu-tools-for-stm32.7-2018-q2-update.win32_1.4.0.202007081208/tools/bin/../lib/gcc/arm-none-eabi/7.3.1/../../../../arm-none-eabi/lib/thumb/v7-m\libc_nano.a
LOAD c:/st/stm32cubeide_1.4.0/stm32cubeide/plugins/com.st.stm32cube.ide.mcu.externaltools.gnu-tools-for-stm32.7-2018-q2-update.win32_1.4.0.202007081208/tools/bin/../lib/gcc/arm-none-eabi/7.3.1/../../../../arm-none-eabi/lib/thumb/v7-m\libnosys.a
END GROUP
LOAD c:/st/stm32cubeide_1.4.0/stm32cubeide/plugins/com.st.stm32cube.ide.mcu.externaltools.gnu-tools-for-stm32.7-2018-q2-update.win32_1.4.0.202007081208/tools/bin/../lib/gcc/arm-none-eabi/7.3.1/thumb/v7-m/crtend.o
LOAD c:/st/stm32cubeide_1.4.0/stm32cubeide/plugins/com.st.stm32cube.ide.mcu.externaltools.gnu-tools-for-stm32.7-2018-q2-update.win32_1.4.0.202007081208/tools/bin/../lib/gcc/arm-none-eabi/7.3.1/thumb/v7-m/crtn.o
                0x0000000020005000                _estack = (ORIGIN (RAM) + LENGTH (RAM))
                0x0000000000000200                _Min_Heap_Size = 0x200
                0x0000000000000400                _Min_Stack_Size = 0x400

.isr_vector     0x0000000008000000      0x10c
                0x0000000008000000                . = ALIGN (0x4)
 *(.isr_vector)
 .isr_vector    0x0000000008000000      0x10c Core/Startup/startup_stm32f103tbux.o
                0x0000000008000000                g_pfnVectors
                0x000000000800010c                . = ALIGN (0x4)

.text           0x000000000800010c     0x59a4
                0x000000000800010c                . = ALIGN (0x4)
 *(.text)
 .text          0x000000000800010c       0x40 c:/st/stm32cubeide_1.4.0/stm32cubeide/plugins/com.st.stm32cube.ide.mcu.externaltools.gnu-tools-for-stm32.7-2018-q2-update.win32_1.4.0.202007081208/tools/bin/../lib/gcc/arm-none-eabi/7.3.1/thumb/v7-m/crtbegin.o
 .text          0x000000000800014c      0x21c c:/st/stm32cubeide_1.4.0/stm32cubeide/plugins/com.st.stm32cube.ide.mcu.externaltools.gnu-tools-for-stm32.7-2018-q2-update.win32_1.4.0.202007081208/tools/bin/../lib/gcc/arm-none-eabi/7.3.1/thumb/v7-m\libgcc.a(_arm_addsubsf3.o)
                0x000000000800014c                __aeabi_frsub
                0x0000000008000154                __subsf3
                0x0000000008000154                __aeabi_fsub
                0x0000000008000158                __aeabi_fadd
                0x0000000008000158                __addsf3
                0x00000000080002b8                __aeabi_ui2f
                0x00000000080002b8                __floatunsisf
                0x00000000080002c0                __aeabi_i2f
                0x00000000080002c0                __floatsisf
                0x00000000080002dc                __aeabi_ul2f
                0x00000000080002dc                __floatundisf
                0x00000000080002ec                __aeabi_l2f
                0x00000000080002ec                __floatdisf
 .text          0x0000000008000368      0x2a0 c:/st/stm32cubeide_1.4.0/stm32cubeide/plugins/com.st.stm32cube.ide.mcu.externaltools.gnu-tools-for-stm32.7-2018-q2-update.win32_1.4.0.202007081208/tools/bin/../lib/gcc/arm-none-eabi/7.3.1/thumb/v7-m\libgcc.a(_arm_muldivsf3.o)
                0x0000000008000368                __mulsf3
                0x0000000008000368                __aeabi_fmul
                0x00000000080004d0                __aeabi_fdiv
                0x00000000080004d0                __divsf3
 .text          0x0000000008000608       0x40 c:/st/stm32cubeide_1.4.0/stm32cubeide/plugins/com.st.stm32cube.ide.mcu.externaltools.gnu-tools-for-stm32.7-2018-q2-update.win32_1.4.0.202007081208/tools/bin/../lib/gcc/arm-none-eabi/7.3.1/thumb/v7-m\libgcc.a(_arm_fixunssfsi.o)
                0x0000000008000608                __fixunssfsi
                0x0000000008000608                __aeabi_f2uiz
 *(.text*)
 .text.DRV_Init
                0x0000000008000648       0x30 Core/Src/DRV8305.o
                0x0000000008000648                DRV_Init
 .text.StartPWM
                0x0000000008000678       0x4c Core/Src/main.o
                0x0000000008000678                StartPWM
 .text.SetZero_A
                0x00000000080006c4       0x24 Core/Src/main.o
                0x00000000080006c4                SetZero_A
 .text.SetZero_B
                0x00000000080006e8       0x24 Core/Src/main.o
                0x00000000080006e8                SetZero_B
 .text.SetZero_C
                0x000000000800070c       0x24 Core/Src/main.o
                0x000000000800070c                SetZero_C
 .text.SetPulse_AH
                0x0000000008000730       0x2c Core/Src/main.o
                0x0000000008000730                SetPulse_AH
 .text.SetPulse_BH
                0x000000000800075c       0x2c Core/Src/main.o
                0x000000000800075c                SetPulse_BH
 .text.SetPulse_CH
                0x0000000008000788       0x30 Core/Src/main.o
                0x0000000008000788                SetPulse_CH
 .text.SetFloating_A
                0x00000000080007b8       0x24 Core/Src/main.o
                0x00000000080007b8                SetFloating_A
 .text.SetFloating_B
                0x00000000080007dc       0x24 Core/Src/main.o
                0x00000000080007dc                SetFloating_B
 .text.SetFloating_C
                0x0000000008000800       0x24 Core/Src/main.o
                0x0000000008000800                SetFloating_C
 .text.Delay_Tick
                0x0000000008000824       0x58 Core/Src/main.o
                0x0000000008000824                Delay_Tick
 .text.SixStep  0x000000000800087c       0xb4 Core/Src/main.o
                0x000000000800087c                SixStep
 .text.SixStep_rev
                0x0000000008000930       0xb4 Core/Src/main.o
                0x0000000008000930                SixStep_rev
 .text.WaitForCross
                0x00000000080009e4       0x8c Core/Src/main.o
                0x00000000080009e4                WaitForCross
 .text.WaitForCross2
                0x0000000008000a70       0x8c Core/Src/main.o
                0x0000000008000a70                WaitForCross2
 .text.BEMF_SixStep_TEST
                0x0000000008000afc      0x2ec Core/Src/main.o
                0x0000000008000afc                BEMF_SixStep_TEST
 .text.BEMF_SixStep_TEST_rev
                0x0000000008000de8      0x2ec Core/Src/main.o
                0x0000000008000de8                BEMF_SixStep_TEST_rev
 .text.HAL_TIM_TriggerCallback
                0x00000000080010d4       0x54 Core/Src/main.o
                0x00000000080010d4                HAL_TIM_TriggerCallback
 .text.HAL_ADC_ConvCpltCallback
                0x0000000008001128       0x30 Core/Src/main.o
                0x0000000008001128                HAL_ADC_ConvCpltCallback
 .text.HAL_UART_RxCpltCallback
                0x0000000008001158       0x60 Core/Src/main.o
                0x0000000008001158                HAL_UART_RxCpltCallback
 .text.main     0x00000000080011b8      0x4bc Core/Src/main.o
                0x00000000080011b8                main
 .text.SystemClock_Config
                0x0000000008001674       0xae Core/Src/main.o
                0x0000000008001674                SystemClock_Config
 *fill*         0x0000000008001722        0x2 
 .text.MX_ADC1_Init
                0x0000000008001724       0xd4 Core/Src/main.o
 .text.MX_SPI1_Init
                0x00000000080017f8       0x70 Core/Src/main.o
 .text.MX_TIM1_Init
                0x0000000008001868      0x15c Core/Src/main.o
 .text.MX_TIM2_Init
                0x00000000080019c4       0xe8 Core/Src/main.o
 .text.MX_TIM3_Init
                0x0000000008001aac       0xec Core/Src/main.o
 .text.MX_TIM4_Init
                0x0000000008001b98       0x9c Core/Src/main.o
 .text.MX_USART1_UART_Init
                0x0000000008001c34       0x54 Core/Src/main.o
 .text.MX_DMA_Init
                0x0000000008001c88       0x5c Core/Src/main.o
 .text.MX_GPIO_Init
                0x0000000008001ce4      0x13c Core/Src/main.o
 .text.Error_Handler
                0x0000000008001e20        0xc Core/Src/main.o
                0x0000000008001e20                Error_Handler
 .text.HAL_MspInit
                0x0000000008001e2c       0x64 Core/Src/stm32f1xx_hal_msp.o
                0x0000000008001e2c                HAL_MspInit
 .text.HAL_ADC_MspInit
                0x0000000008001e90       0xd0 Core/Src/stm32f1xx_hal_msp.o
                0x0000000008001e90                HAL_ADC_MspInit
 .text.HAL_SPI_MspInit
                0x0000000008001f60       0x94 Core/Src/stm32f1xx_hal_msp.o
                0x0000000008001f60                HAL_SPI_MspInit
 .text.HAL_TIM_Base_MspInit
                0x0000000008001ff4       0xc0 Core/Src/stm32f1xx_hal_msp.o
                0x0000000008001ff4                HAL_TIM_Base_MspInit
 .text.HAL_TIM_MspPostInit
                0x00000000080020b4      0x134 Core/Src/stm32f1xx_hal_msp.o
                0x00000000080020b4                HAL_TIM_MspPostInit
 .text.HAL_UART_MspInit
                0x00000000080021e8      0x170 Core/Src/stm32f1xx_hal_msp.o
                0x00000000080021e8                HAL_UART_MspInit
 .text.NMI_Handler
                0x0000000008002358        0xc Core/Src/stm32f1xx_it.o
                0x0000000008002358                NMI_Handler
 .text.HardFault_Handler
                0x0000000008002364        0x6 Core/Src/stm32f1xx_it.o
                0x0000000008002364                HardFault_Handler
 .text.MemManage_Handler
                0x000000000800236a        0x6 Core/Src/stm32f1xx_it.o
                0x000000000800236a                MemManage_Handler
 .text.BusFault_Handler
                0x0000000008002370        0x6 Core/Src/stm32f1xx_it.o
                0x0000000008002370                BusFault_Handler
 .text.UsageFault_Handler
                0x0000000008002376        0x6 Core/Src/stm32f1xx_it.o
                0x0000000008002376                UsageFault_Handler
 .text.SVC_Handler
                0x000000000800237c        0xc Core/Src/stm32f1xx_it.o
                0x000000000800237c                SVC_Handler
 .text.DebugMon_Handler
                0x0000000008002388        0xc Core/Src/stm32f1xx_it.o
                0x0000000008002388                DebugMon_Handler
 .text.PendSV_Handler
                0x0000000008002394        0xc Core/Src/stm32f1xx_it.o
                0x0000000008002394                PendSV_Handler
 .text.SysTick_Handler
                0x00000000080023a0        0xc Core/Src/stm32f1xx_it.o
                0x00000000080023a0                SysTick_Handler
 .text.DMA1_Channel1_IRQHandler
                0x00000000080023ac       0x14 Core/Src/stm32f1xx_it.o
                0x00000000080023ac                DMA1_Channel1_IRQHandler
 .text.DMA1_Channel4_IRQHandler
                0x00000000080023c0       0x14 Core/Src/stm32f1xx_it.o
                0x00000000080023c0                DMA1_Channel4_IRQHandler
 .text.DMA1_Channel5_IRQHandler
                0x00000000080023d4       0x14 Core/Src/stm32f1xx_it.o
                0x00000000080023d4                DMA1_Channel5_IRQHandler
 .text.TIM1_UP_IRQHandler
                0x00000000080023e8       0x14 Core/Src/stm32f1xx_it.o
                0x00000000080023e8                TIM1_UP_IRQHandler
 .text.USART1_IRQHandler
                0x00000000080023fc       0x14 Core/Src/stm32f1xx_it.o
                0x00000000080023fc                USART1_IRQHandler
 .text.SystemInit
                0x0000000008002410       0x68 Core/Src/system_stm32f1xx.o
                0x0000000008002410                SystemInit
 .text.Reset_Handler
                0x0000000008002478       0x48 Core/Startup/startup_stm32f103tbux.o
                0x0000000008002478                Reset_Handler
 .text.Default_Handler
                0x00000000080024c0        0x2 Core/Startup/startup_stm32f103tbux.o
                0x00000000080024c0                RTC_Alarm_IRQHandler
                0x00000000080024c0                EXTI2_IRQHandler
                0x00000000080024c0                TIM1_CC_IRQHandler
                0x00000000080024c0                PVD_IRQHandler
                0x00000000080024c0                EXTI3_IRQHandler
                0x00000000080024c0                EXTI0_IRQHandler
                0x00000000080024c0                I2C2_EV_IRQHandler
                0x00000000080024c0                ADC1_2_IRQHandler
                0x00000000080024c0                SPI1_IRQHandler
                0x00000000080024c0                TAMPER_IRQHandler
                0x00000000080024c0                USART3_IRQHandler
                0x00000000080024c0                RTC_IRQHandler
                0x00000000080024c0                DMA1_Channel7_IRQHandler
                0x00000000080024c0                CAN1_RX1_IRQHandler
                0x00000000080024c0                TIM4_IRQHandler
                0x00000000080024c0                I2C1_EV_IRQHandler
                0x00000000080024c0                DMA1_Channel6_IRQHandler
                0x00000000080024c0                TIM3_IRQHandler
                0x00000000080024c0                RCC_IRQHandler
                0x00000000080024c0                TIM1_TRG_COM_IRQHandler
                0x00000000080024c0                Default_Handler
                0x00000000080024c0                EXTI15_10_IRQHandler
                0x00000000080024c0                EXTI9_5_IRQHandler
                0x00000000080024c0                SPI2_IRQHandler
                0x00000000080024c0                EXTI4_IRQHandler
                0x00000000080024c0                USB_LP_CAN1_RX0_IRQHandler
                0x00000000080024c0                USB_HP_CAN1_TX_IRQHandler
                0x00000000080024c0                DMA1_Channel3_IRQHandler
                0x00000000080024c0                WWDG_IRQHandler
                0x00000000080024c0                TIM2_IRQHandler
                0x00000000080024c0                TIM1_BRK_IRQHandler
                0x00000000080024c0                EXTI1_IRQHandler
                0x00000000080024c0                USART2_IRQHandler
                0x00000000080024c0                I2C2_ER_IRQHandler
                0x00000000080024c0                DMA1_Channel2_IRQHandler
                0x00000000080024c0                CAN1_SCE_IRQHandler
                0x00000000080024c0                FLASH_IRQHandler
                0x00000000080024c0                I2C1_ER_IRQHandler
                0x00000000080024c0                USBWakeUp_IRQHandler
 *fill*         0x00000000080024c2        0x2 
 .text.HAL_Init
                0x00000000080024c4       0x2c Drivers/STM32F1xx_HAL_Driver/Src/stm32f1xx_hal.o
                0x00000000080024c4                HAL_Init
 .text.HAL_InitTick
                0x00000000080024f0       0x60 Drivers/STM32F1xx_HAL_Driver/Src/stm32f1xx_hal.o
                0x00000000080024f0                HAL_InitTick
 .text.HAL_IncTick
                0x0000000008002550       0x24 Drivers/STM32F1xx_HAL_Driver/Src/stm32f1xx_hal.o
                0x0000000008002550                HAL_IncTick
 .text.HAL_GetTick
                0x0000000008002574       0x14 Drivers/STM32F1xx_HAL_Driver/Src/stm32f1xx_hal.o
                0x0000000008002574                HAL_GetTick
 .text.HAL_Delay
                0x0000000008002588       0x44 Drivers/STM32F1xx_HAL_Driver/Src/stm32f1xx_hal.o
                0x0000000008002588                HAL_Delay
 .text.HAL_ADC_Init
                0x00000000080025cc      0x1b0 Drivers/STM32F1xx_HAL_Driver/Src/stm32f1xx_hal_adc.o
                0x00000000080025cc                HAL_ADC_Init
 .text.HAL_ADC_Start_DMA
                0x000000000800277c      0x1bc Drivers/STM32F1xx_HAL_Driver/Src/stm32f1xx_hal_adc.o
                0x000000000800277c                HAL_ADC_Start_DMA
 .text.HAL_ADC_ConvHalfCpltCallback
                0x0000000008002938       0x12 Drivers/STM32F1xx_HAL_Driver/Src/stm32f1xx_hal_adc.o
                0x0000000008002938                HAL_ADC_ConvHalfCpltCallback
 .text.HAL_ADC_ErrorCallback
                0x000000000800294a       0x12 Drivers/STM32F1xx_HAL_Driver/Src/stm32f1xx_hal_adc.o
                0x000000000800294a                HAL_ADC_ErrorCallback
 .text.HAL_ADC_ConfigChannel
                0x000000000800295c      0x1f0 Drivers/STM32F1xx_HAL_Driver/Src/stm32f1xx_hal_adc.o
                0x000000000800295c                HAL_ADC_ConfigChannel
 .text.ADC_Enable
                0x0000000008002b4c       0xa4 Drivers/STM32F1xx_HAL_Driver/Src/stm32f1xx_hal_adc.o
                0x0000000008002b4c                ADC_Enable
 .text.ADC_ConversionStop_Disable
                0x0000000008002bf0       0x74 Drivers/STM32F1xx_HAL_Driver/Src/stm32f1xx_hal_adc.o
                0x0000000008002bf0                ADC_ConversionStop_Disable
 .text.ADC_DMAConvCplt
                0x0000000008002c64       0x7c Drivers/STM32F1xx_HAL_Driver/Src/stm32f1xx_hal_adc.o
                0x0000000008002c64                ADC_DMAConvCplt
 .text.ADC_DMAHalfConvCplt
                0x0000000008002ce0       0x1c Drivers/STM32F1xx_HAL_Driver/Src/stm32f1xx_hal_adc.o
                0x0000000008002ce0                ADC_DMAHalfConvCplt
 .text.ADC_DMAError
                0x0000000008002cfc       0x34 Drivers/STM32F1xx_HAL_Driver/Src/stm32f1xx_hal_adc.o
                0x0000000008002cfc                ADC_DMAError
 .text.__NVIC_SetPriorityGrouping
                0x0000000008002d30       0x48 Drivers/STM32F1xx_HAL_Driver/Src/stm32f1xx_hal_cortex.o
 .text.__NVIC_GetPriorityGrouping
                0x0000000008002d78       0x1c Drivers/STM32F1xx_HAL_Driver/Src/stm32f1xx_hal_cortex.o
 .text.__NVIC_EnableIRQ
                0x0000000008002d94       0x38 Drivers/STM32F1xx_HAL_Driver/Src/stm32f1xx_hal_cortex.o
 .text.__NVIC_SetPriority
                0x0000000008002dcc       0x54 Drivers/STM32F1xx_HAL_Driver/Src/stm32f1xx_hal_cortex.o
 .text.NVIC_EncodePriority
                0x0000000008002e20       0x64 Drivers/STM32F1xx_HAL_Driver/Src/stm32f1xx_hal_cortex.o
 .text.SysTick_Config
                0x0000000008002e84       0x44 Drivers/STM32F1xx_HAL_Driver/Src/stm32f1xx_hal_cortex.o
 .text.HAL_NVIC_SetPriorityGrouping
                0x0000000008002ec8       0x16 Drivers/STM32F1xx_HAL_Driver/Src/stm32f1xx_hal_cortex.o
                0x0000000008002ec8                HAL_NVIC_SetPriorityGrouping
 .text.HAL_NVIC_SetPriority
                0x0000000008002ede       0x38 Drivers/STM32F1xx_HAL_Driver/Src/stm32f1xx_hal_cortex.o
                0x0000000008002ede                HAL_NVIC_SetPriority
 .text.HAL_NVIC_EnableIRQ
                0x0000000008002f16       0x1c Drivers/STM32F1xx_HAL_Driver/Src/stm32f1xx_hal_cortex.o
                0x0000000008002f16                HAL_NVIC_EnableIRQ
 .text.HAL_SYSTICK_Config
                0x0000000008002f32       0x18 Drivers/STM32F1xx_HAL_Driver/Src/stm32f1xx_hal_cortex.o
                0x0000000008002f32                HAL_SYSTICK_Config
 *fill*         0x0000000008002f4a        0x2 
 .text.HAL_DMA_Init
                0x0000000008002f4c       0xb4 Drivers/STM32F1xx_HAL_Driver/Src/stm32f1xx_hal_dma.o
                0x0000000008002f4c                HAL_DMA_Init
 .text.HAL_DMA_Start_IT
                0x0000000008003000       0xbe Drivers/STM32F1xx_HAL_Driver/Src/stm32f1xx_hal_dma.o
                0x0000000008003000                HAL_DMA_Start_IT
 *fill*         0x00000000080030be        0x2 
 .text.HAL_DMA_Abort_IT
                0x00000000080030c0       0xec Drivers/STM32F1xx_HAL_Driver/Src/stm32f1xx_hal_dma.o
                0x00000000080030c0                HAL_DMA_Abort_IT
 .text.HAL_DMA_IRQHandler
                0x00000000080031ac      0x20c Drivers/STM32F1xx_HAL_Driver/Src/stm32f1xx_hal_dma.o
                0x00000000080031ac                HAL_DMA_IRQHandler
 .text.DMA_SetConfig
                0x00000000080033b8       0x5a Drivers/STM32F1xx_HAL_Driver/Src/stm32f1xx_hal_dma.o
 *fill*         0x0000000008003412        0x2 
 .text.HAL_GPIO_Init
                0x0000000008003414      0x2b4 Drivers/STM32F1xx_HAL_Driver/Src/stm32f1xx_hal_gpio.o
                0x0000000008003414                HAL_GPIO_Init
 .text.HAL_GPIO_WritePin
                0x00000000080036c8       0x30 Drivers/STM32F1xx_HAL_Driver/Src/stm32f1xx_hal_gpio.o
                0x00000000080036c8                HAL_GPIO_WritePin
 .text.HAL_GPIO_TogglePin
                0x00000000080036f8       0x30 Drivers/STM32F1xx_HAL_Driver/Src/stm32f1xx_hal_gpio.o
                0x00000000080036f8                HAL_GPIO_TogglePin
 .text.HAL_RCC_OscConfig
                0x0000000008003728      0x500 Drivers/STM32F1xx_HAL_Driver/Src/stm32f1xx_hal_rcc.o
                0x0000000008003728                HAL_RCC_OscConfig
 .text.HAL_RCC_ClockConfig
                0x0000000008003c28      0x1d4 Drivers/STM32F1xx_HAL_Driver/Src/stm32f1xx_hal_rcc.o
                0x0000000008003c28                HAL_RCC_ClockConfig
 .text.HAL_RCC_GetSysClockFreq
                0x0000000008003dfc       0xc4 Drivers/STM32F1xx_HAL_Driver/Src/stm32f1xx_hal_rcc.o
                0x0000000008003dfc                HAL_RCC_GetSysClockFreq
 .text.HAL_RCC_GetHCLKFreq
                0x0000000008003ec0       0x14 Drivers/STM32F1xx_HAL_Driver/Src/stm32f1xx_hal_rcc.o
                0x0000000008003ec0                HAL_RCC_GetHCLKFreq
 .text.HAL_RCC_GetPCLK1Freq
                0x0000000008003ed4       0x28 Drivers/STM32F1xx_HAL_Driver/Src/stm32f1xx_hal_rcc.o
                0x0000000008003ed4                HAL_RCC_GetPCLK1Freq
 .text.HAL_RCC_GetPCLK2Freq
                0x0000000008003efc       0x28 Drivers/STM32F1xx_HAL_Driver/Src/stm32f1xx_hal_rcc.o
                0x0000000008003efc                HAL_RCC_GetPCLK2Freq
 .text.RCC_Delay
                0x0000000008003f24       0x3c Drivers/STM32F1xx_HAL_Driver/Src/stm32f1xx_hal_rcc.o
 .text.HAL_RCCEx_PeriphCLKConfig
                0x0000000008003f60      0x16c Drivers/STM32F1xx_HAL_Driver/Src/stm32f1xx_hal_rcc_ex.o
                0x0000000008003f60                HAL_RCCEx_PeriphCLKConfig
 .text.HAL_SPI_Init
                0x00000000080040cc       0xc2 Drivers/STM32F1xx_HAL_Driver/Src/stm32f1xx_hal_spi.o
                0x00000000080040cc                HAL_SPI_Init
 .text.HAL_TIM_Base_Init
                0x000000000800418e       0x56 Drivers/STM32F1xx_HAL_Driver/Src/stm32f1xx_hal_tim.o
                0x000000000800418e                HAL_TIM_Base_Init
 .text.HAL_TIM_Base_Start
                0x00000000080041e4       0x46 Drivers/STM32F1xx_HAL_Driver/Src/stm32f1xx_hal_tim.o
                0x00000000080041e4                HAL_TIM_Base_Start
 .text.HAL_TIM_PWM_Init
                0x000000000800422a       0x56 Drivers/STM32F1xx_HAL_Driver/Src/stm32f1xx_hal_tim.o
                0x000000000800422a                HAL_TIM_PWM_Init
 .text.HAL_TIM_PWM_MspInit
                0x0000000008004280       0x12 Drivers/STM32F1xx_HAL_Driver/Src/stm32f1xx_hal_tim.o
                0x0000000008004280                HAL_TIM_PWM_MspInit
 *fill*         0x0000000008004292        0x2 
 .text.HAL_TIM_PWM_Start
                0x0000000008004294       0x64 Drivers/STM32F1xx_HAL_Driver/Src/stm32f1xx_hal_tim.o
                0x0000000008004294                HAL_TIM_PWM_Start
 .text.HAL_TIM_PWM_Start_IT
                0x00000000080042f8       0xf0 Drivers/STM32F1xx_HAL_Driver/Src/stm32f1xx_hal_tim.o
                0x00000000080042f8                HAL_TIM_PWM_Start_IT
 .text.HAL_TIM_IRQHandler
                0x00000000080043e8      0x210 Drivers/STM32F1xx_HAL_Driver/Src/stm32f1xx_hal_tim.o
                0x00000000080043e8                HAL_TIM_IRQHandler
 .text.HAL_TIM_PWM_ConfigChannel
                0x00000000080045f8      0x18c Drivers/STM32F1xx_HAL_Driver/Src/stm32f1xx_hal_tim.o
                0x00000000080045f8                HAL_TIM_PWM_ConfigChannel
 .text.HAL_TIM_ConfigClockSource
                0x0000000008004784      0x16e Drivers/STM32F1xx_HAL_Driver/Src/stm32f1xx_hal_tim.o
                0x0000000008004784                HAL_TIM_ConfigClockSource
 .text.HAL_TIM_PeriodElapsedCallback
                0x00000000080048f2       0x12 Drivers/STM32F1xx_HAL_Driver/Src/stm32f1xx_hal_tim.o
                0x00000000080048f2                HAL_TIM_PeriodElapsedCallback
 .text.HAL_TIM_OC_DelayElapsedCallback
                0x0000000008004904       0x12 Drivers/STM32F1xx_HAL_Driver/Src/stm32f1xx_hal_tim.o
                0x0000000008004904                HAL_TIM_OC_DelayElapsedCallback
 .text.HAL_TIM_IC_CaptureCallback
                0x0000000008004916       0x12 Drivers/STM32F1xx_HAL_Driver/Src/stm32f1xx_hal_tim.o
                0x0000000008004916                HAL_TIM_IC_CaptureCallback
 .text.HAL_TIM_PWM_PulseFinishedCallback
                0x0000000008004928       0x12 Drivers/STM32F1xx_HAL_Driver/Src/stm32f1xx_hal_tim.o
                0x0000000008004928                HAL_TIM_PWM_PulseFinishedCallback
 *fill*         0x000000000800493a        0x2 
 .text.TIM_Base_SetConfig
                0x000000000800493c       0xc4 Drivers/STM32F1xx_HAL_Driver/Src/stm32f1xx_hal_tim.o
                0x000000000800493c                TIM_Base_SetConfig
 .text.TIM_OC1_SetConfig
                0x0000000008004a00       0xcc Drivers/STM32F1xx_HAL_Driver/Src/stm32f1xx_hal_tim.o
 .text.TIM_OC2_SetConfig
                0x0000000008004acc       0xd4 Drivers/STM32F1xx_HAL_Driver/Src/stm32f1xx_hal_tim.o
                0x0000000008004acc                TIM_OC2_SetConfig
 .text.TIM_OC3_SetConfig
                0x0000000008004ba0       0xd4 Drivers/STM32F1xx_HAL_Driver/Src/stm32f1xx_hal_tim.o
 .text.TIM_OC4_SetConfig
                0x0000000008004c74       0x9c Drivers/STM32F1xx_HAL_Driver/Src/stm32f1xx_hal_tim.o
 .text.TIM_TI1_ConfigInputStage
                0x0000000008004d10       0x5c Drivers/STM32F1xx_HAL_Driver/Src/stm32f1xx_hal_tim.o
 .text.TIM_TI2_ConfigInputStage
                0x0000000008004d6c       0x5e Drivers/STM32F1xx_HAL_Driver/Src/stm32f1xx_hal_tim.o
 .text.TIM_ITRx_SetConfig
                0x0000000008004dca       0x34 Drivers/STM32F1xx_HAL_Driver/Src/stm32f1xx_hal_tim.o
 .text.TIM_ETR_SetConfig
                0x0000000008004dfe       0x3e Drivers/STM32F1xx_HAL_Driver/Src/stm32f1xx_hal_tim.o
                0x0000000008004dfe                TIM_ETR_SetConfig
 .text.TIM_CCxChannelCmd
                0x0000000008004e3c       0x48 Drivers/STM32F1xx_HAL_Driver/Src/stm32f1xx_hal_tim.o
                0x0000000008004e3c                TIM_CCxChannelCmd
 .text.HAL_TIMEx_MasterConfigSynchronization
                0x0000000008004e84       0x88 Drivers/STM32F1xx_HAL_Driver/Src/stm32f1xx_hal_tim_ex.o
                0x0000000008004e84                HAL_TIMEx_MasterConfigSynchronization
 .text.HAL_TIMEx_ConfigBreakDeadTime
                0x0000000008004f0c       0xa2 Drivers/STM32F1xx_HAL_Driver/Src/stm32f1xx_hal_tim_ex.o
                0x0000000008004f0c                HAL_TIMEx_ConfigBreakDeadTime
 .text.HAL_TIMEx_CommutCallback
                0x0000000008004fae       0x12 Drivers/STM32F1xx_HAL_Driver/Src/stm32f1xx_hal_tim_ex.o
                0x0000000008004fae                HAL_TIMEx_CommutCallback
 .text.HAL_TIMEx_BreakCallback
                0x0000000008004fc0       0x12 Drivers/STM32F1xx_HAL_Driver/Src/stm32f1xx_hal_tim_ex.o
                0x0000000008004fc0                HAL_TIMEx_BreakCallback
 .text.HAL_UART_Init
                0x0000000008004fd2       0x9a Drivers/STM32F1xx_HAL_Driver/Src/stm32f1xx_hal_uart.o
                0x0000000008004fd2                HAL_UART_Init
 .text.HAL_UART_Transmit_DMA
                0x000000000800506c       0xd8 Drivers/STM32F1xx_HAL_Driver/Src/stm32f1xx_hal_uart.o
                0x000000000800506c                HAL_UART_Transmit_DMA
 .text.HAL_UART_Receive_DMA
                0x0000000008005144      0x100 Drivers/STM32F1xx_HAL_Driver/Src/stm32f1xx_hal_uart.o
                0x0000000008005144                HAL_UART_Receive_DMA
 .text.HAL_UART_IRQHandler
                0x0000000008005244      0x1f8 Drivers/STM32F1xx_HAL_Driver/Src/stm32f1xx_hal_uart.o
                0x0000000008005244                HAL_UART_IRQHandler
 .text.HAL_UART_TxCpltCallback
                0x000000000800543c       0x12 Drivers/STM32F1xx_HAL_Driver/Src/stm32f1xx_hal_uart.o
                0x000000000800543c                HAL_UART_TxCpltCallback
 .text.HAL_UART_TxHalfCpltCallback
                0x000000000800544e       0x12 Drivers/STM32F1xx_HAL_Driver/Src/stm32f1xx_hal_uart.o
                0x000000000800544e                HAL_UART_TxHalfCpltCallback
 .text.HAL_UART_RxHalfCpltCallback
                0x0000000008005460       0x12 Drivers/STM32F1xx_HAL_Driver/Src/stm32f1xx_hal_uart.o
                0x0000000008005460                HAL_UART_RxHalfCpltCallback
 .text.HAL_UART_ErrorCallback
                0x0000000008005472       0x12 Drivers/STM32F1xx_HAL_Driver/Src/stm32f1xx_hal_uart.o
                0x0000000008005472                HAL_UART_ErrorCallback
 .text.UART_DMATransmitCplt
                0x0000000008005484       0x52 Drivers/STM32F1xx_HAL_Driver/Src/stm32f1xx_hal_uart.o
 .text.UART_DMATxHalfCplt
                0x00000000080054d6       0x1c Drivers/STM32F1xx_HAL_Driver/Src/stm32f1xx_hal_uart.o
 .text.UART_DMAReceiveCplt
                0x00000000080054f2       0x68 Drivers/STM32F1xx_HAL_Driver/Src/stm32f1xx_hal_uart.o
 .text.UART_DMARxHalfCplt
                0x000000000800555a       0x1c Drivers/STM32F1xx_HAL_Driver/Src/stm32f1xx_hal_uart.o
 .text.UART_DMAError
                0x0000000008005576       0x94 Drivers/STM32F1xx_HAL_Driver/Src/stm32f1xx_hal_uart.o
 .text.UART_EndTxTransfer
                0x000000000800560a       0x2a Drivers/STM32F1xx_HAL_Driver/Src/stm32f1xx_hal_uart.o
 .text.UART_EndRxTransfer
                0x0000000008005634       0x3a Drivers/STM32F1xx_HAL_Driver/Src/stm32f1xx_hal_uart.o
 .text.UART_DMAAbortOnError
                0x000000000800566e       0x28 Drivers/STM32F1xx_HAL_Driver/Src/stm32f1xx_hal_uart.o
 .text.UART_Transmit_IT
                0x0000000008005696       0xaa Drivers/STM32F1xx_HAL_Driver/Src/stm32f1xx_hal_uart.o
 .text.UART_EndTransmit_IT
                0x0000000008005740       0x30 Drivers/STM32F1xx_HAL_Driver/Src/stm32f1xx_hal_uart.o
 .text.UART_Receive_IT
                0x0000000008005770      0x102 Drivers/STM32F1xx_HAL_Driver/Src/stm32f1xx_hal_uart.o
 *fill*         0x0000000008005872        0x2 
 .text.UART_SetConfig
                0x0000000008005874      0x1b4 Drivers/STM32F1xx_HAL_Driver/Src/stm32f1xx_hal_uart.o
 .text.__libc_init_array
                0x0000000008005a28       0x48 c:/st/stm32cubeide_1.4.0/stm32cubeide/plugins/com.st.stm32cube.ide.mcu.externaltools.gnu-tools-for-stm32.7-2018-q2-update.win32_1.4.0.202007081208/tools/bin/../lib/gcc/arm-none-eabi/7.3.1/../../../../arm-none-eabi/lib/thumb/v7-m\libc_nano.a(lib_a-init.o)
                0x0000000008005a28                __libc_init_array
 .text.memcpy   0x0000000008005a70       0x16 c:/st/stm32cubeide_1.4.0/stm32cubeide/plugins/com.st.stm32cube.ide.mcu.externaltools.gnu-tools-for-stm32.7-2018-q2-update.win32_1.4.0.202007081208/tools/bin/../lib/gcc/arm-none-eabi/7.3.1/../../../../arm-none-eabi/lib/thumb/v7-m\libc_nano.a(lib_a-memcpy-stub.o)
                0x0000000008005a70                memcpy
 .text.memset   0x0000000008005a86       0x10 c:/st/stm32cubeide_1.4.0/stm32cubeide/plugins/com.st.stm32cube.ide.mcu.externaltools.gnu-tools-for-stm32.7-2018-q2-update.win32_1.4.0.202007081208/tools/bin/../lib/gcc/arm-none-eabi/7.3.1/../../../../arm-none-eabi/lib/thumb/v7-m\libc_nano.a(lib_a-memset.o)
                0x0000000008005a86                memset
 *(.glue_7)
 .glue_7        0x0000000008005a96        0x0 linker stubs
 *(.glue_7t)
 .glue_7t       0x0000000008005a96        0x0 linker stubs
 *(.eh_frame)
 *fill*         0x0000000008005a96        0x2 
 .eh_frame      0x0000000008005a98        0x0 c:/st/stm32cubeide_1.4.0/stm32cubeide/plugins/com.st.stm32cube.ide.mcu.externaltools.gnu-tools-for-stm32.7-2018-q2-update.win32_1.4.0.202007081208/tools/bin/../lib/gcc/arm-none-eabi/7.3.1/thumb/v7-m/crtbegin.o
 *(.init)
 .init          0x0000000008005a98        0x4 c:/st/stm32cubeide_1.4.0/stm32cubeide/plugins/com.st.stm32cube.ide.mcu.externaltools.gnu-tools-for-stm32.7-2018-q2-update.win32_1.4.0.202007081208/tools/bin/../lib/gcc/arm-none-eabi/7.3.1/thumb/v7-m/crti.o
                0x0000000008005a98                _init
 .init          0x0000000008005a9c        0x8 c:/st/stm32cubeide_1.4.0/stm32cubeide/plugins/com.st.stm32cube.ide.mcu.externaltools.gnu-tools-for-stm32.7-2018-q2-update.win32_1.4.0.202007081208/tools/bin/../lib/gcc/arm-none-eabi/7.3.1/thumb/v7-m/crtn.o
 *(.fini)
 .fini          0x0000000008005aa4        0x4 c:/st/stm32cubeide_1.4.0/stm32cubeide/plugins/com.st.stm32cube.ide.mcu.externaltools.gnu-tools-for-stm32.7-2018-q2-update.win32_1.4.0.202007081208/tools/bin/../lib/gcc/arm-none-eabi/7.3.1/thumb/v7-m/crti.o
                0x0000000008005aa4                _fini
 .fini          0x0000000008005aa8        0x8 c:/st/stm32cubeide_1.4.0/stm32cubeide/plugins/com.st.stm32cube.ide.mcu.externaltools.gnu-tools-for-stm32.7-2018-q2-update.win32_1.4.0.202007081208/tools/bin/../lib/gcc/arm-none-eabi/7.3.1/thumb/v7-m/crtn.o
                0x0000000008005ab0                . = ALIGN (0x4)
                0x0000000008005ab0                _etext = .

.vfp11_veneer   0x0000000008005ab0        0x0
 .vfp11_veneer  0x0000000008005ab0        0x0 linker stubs

.v4_bx          0x0000000008005ab0        0x0
 .v4_bx         0x0000000008005ab0        0x0 linker stubs

.iplt           0x0000000008005ab0        0x0
 .iplt          0x0000000008005ab0        0x0 c:/st/stm32cubeide_1.4.0/stm32cubeide/plugins/com.st.stm32cube.ide.mcu.externaltools.gnu-tools-for-stm32.7-2018-q2-update.win32_1.4.0.202007081208/tools/bin/../lib/gcc/arm-none-eabi/7.3.1/thumb/v7-m/crtbegin.o

.rodata         0x0000000008005ab0       0x54
                0x0000000008005ab0                . = ALIGN (0x4)
 *(.rodata)
 .rodata        0x0000000008005ab0       0x28 Core/Src/main.o
 .rodata        0x0000000008005ad8       0x12 Drivers/STM32F1xx_HAL_Driver/Src/stm32f1xx_hal_rcc.o
 *(.rodata*)
 *fill*         0x0000000008005aea        0x2 
 .rodata.AHBPrescTable
                0x0000000008005aec       0x10 Core/Src/system_stm32f1xx.o
                0x0000000008005aec                AHBPrescTable
 .rodata.APBPrescTable
                0x0000000008005afc        0x8 Core/Src/system_stm32f1xx.o
                0x0000000008005afc                APBPrescTable
                0x0000000008005b04                . = ALIGN (0x4)

.rel.dyn        0x0000000008005b04        0x0
 .rel.iplt      0x0000000008005b04        0x0 c:/st/stm32cubeide_1.4.0/stm32cubeide/plugins/com.st.stm32cube.ide.mcu.externaltools.gnu-tools-for-stm32.7-2018-q2-update.win32_1.4.0.202007081208/tools/bin/../lib/gcc/arm-none-eabi/7.3.1/thumb/v7-m/crtbegin.o

.ARM.extab      0x0000000008005b04        0x0
                0x0000000008005b04                . = ALIGN (0x4)
 *(.ARM.extab* .gnu.linkonce.armextab.*)
                0x0000000008005b04                . = ALIGN (0x4)

.ARM            0x0000000008005b04        0x0
                0x0000000008005b04                . = ALIGN (0x4)
                0x0000000008005b04                __exidx_start = .
 *(.ARM.exidx*)
                0x0000000008005b04                __exidx_end = .
                0x0000000008005b04                . = ALIGN (0x4)

.preinit_array  0x0000000008005b04        0x0
                0x0000000008005b04                . = ALIGN (0x4)
                0x0000000008005b04                PROVIDE (__preinit_array_start = .)
 *(.preinit_array*)
                0x0000000008005b04                PROVIDE (__preinit_array_end = .)
                0x0000000008005b04                . = ALIGN (0x4)

.init_array     0x0000000008005b04        0x4
                0x0000000008005b04                . = ALIGN (0x4)
                0x0000000008005b04                PROVIDE (__init_array_start = .)
 *(SORT_BY_NAME(.init_array.*))
 *(.init_array*)
 .init_array    0x0000000008005b04        0x4 c:/st/stm32cubeide_1.4.0/stm32cubeide/plugins/com.st.stm32cube.ide.mcu.externaltools.gnu-tools-for-stm32.7-2018-q2-update.win32_1.4.0.202007081208/tools/bin/../lib/gcc/arm-none-eabi/7.3.1/thumb/v7-m/crtbegin.o
                0x0000000008005b08                PROVIDE (__init_array_end = .)
                0x0000000008005b08                . = ALIGN (0x4)

.fini_array     0x0000000008005b08        0x4
                0x0000000008005b08                . = ALIGN (0x4)
                [!provide]                        PROVIDE (__fini_array_start = .)
 *(SORT_BY_NAME(.fini_array.*))
 *(.fini_array*)
 .fini_array    0x0000000008005b08        0x4 c:/st/stm32cubeide_1.4.0/stm32cubeide/plugins/com.st.stm32cube.ide.mcu.externaltools.gnu-tools-for-stm32.7-2018-q2-update.win32_1.4.0.202007081208/tools/bin/../lib/gcc/arm-none-eabi/7.3.1/thumb/v7-m/crtbegin.o
                [!provide]                        PROVIDE (__fini_array_end = .)
                0x0000000008005b0c                . = ALIGN (0x4)
                0x0000000008005b0c                _sidata = LOADADDR (.data)

.data           0x0000000020000000       0x10 load address 0x0000000008005b0c
                0x0000000020000000                . = ALIGN (0x4)
                0x0000000020000000                _sdata = .
 *(.data)
 *(.data*)
 .data.IsDMA    0x0000000020000000        0x4 Core/Src/main.o
                0x0000000020000000                IsDMA
 .data.SystemCoreClock
                0x0000000020000004        0x4 Core/Src/system_stm32f1xx.o
                0x0000000020000004                SystemCoreClock
 .data.uwTickPrio
                0x0000000020000008        0x4 Drivers/STM32F1xx_HAL_Driver/Src/stm32f1xx_hal.o
                0x0000000020000008                uwTickPrio
 .data.uwTickFreq
                0x000000002000000c        0x1 Drivers/STM32F1xx_HAL_Driver/Src/stm32f1xx_hal.o
                0x000000002000000c                uwTickFreq
                0x0000000020000010                . = ALIGN (0x4)
 *fill*         0x000000002000000d        0x3 
                0x0000000020000010                _edata = .

.igot.plt       0x0000000020000010        0x0 load address 0x0000000008005b1c
 .igot.plt      0x0000000020000010        0x0 c:/st/stm32cubeide_1.4.0/stm32cubeide/plugins/com.st.stm32cube.ide.mcu.externaltools.gnu-tools-for-stm32.7-2018-q2-update.win32_1.4.0.202007081208/tools/bin/../lib/gcc/arm-none-eabi/7.3.1/thumb/v7-m/crtbegin.o
                0x0000000020000010                . = ALIGN (0x4)

.bss            0x0000000020000010      0x324 load address 0x0000000008005b1c
                0x0000000020000010                _sbss = .
                0x0000000020000010                __bss_start__ = _sbss
 *(.bss)
 .bss           0x0000000020000010       0x1c c:/st/stm32cubeide_1.4.0/stm32cubeide/plugins/com.st.stm32cube.ide.mcu.externaltools.gnu-tools-for-stm32.7-2018-q2-update.win32_1.4.0.202007081208/tools/bin/../lib/gcc/arm-none-eabi/7.3.1/thumb/v7-m/crtbegin.o
 *(.bss*)
 .bss.DRV_spi   0x000000002000002c       0x58 Core/Src/DRV8305.o
 .bss.ADC_data  0x0000000020000084        0x8 Core/Src/main.o
                0x0000000020000084                ADC_data
 .bss.rx_buffer
                0x000000002000008c        0x3 Core/Src/main.o
                0x000000002000008c                rx_buffer
 *fill*         0x000000002000008f        0x1 
 .bss.ToSend    0x0000000020000090        0x1 Core/Src/main.o
                0x0000000020000090                ToSend
 .bss.IsRunning
                0x0000000020000091        0x1 Core/Src/main.o
                0x0000000020000091                IsRunning
 .bss.Power     0x0000000020000092        0x1 Core/Src/main.o
                0x0000000020000092                Power
 .bss.Function  0x0000000020000093        0x1 Core/Src/main.o
                0x0000000020000093                Function
 .bss.test      0x0000000020000094        0x1 Core/Src/main.o
                0x0000000020000094                test
 .bss.IsNewVal  0x0000000020000095        0x1 Core/Src/main.o
                0x0000000020000095                IsNewVal
 *fill*         0x0000000020000096        0x2 
 .bss.cnt       0x0000000020000098        0x4 Core/Src/main.o
                0x0000000020000098                cnt
 *(COMMON)
 COMMON         0x000000002000009c      0x294 Core/Src/main.o
                0x000000002000009c                htim4
                0x00000000200000dc                htim3
                0x000000002000011c                hdma_usart1_tx
                0x0000000020000160                hadc1
                0x0000000020000190                hdma_usart1_rx
                0x00000000200001d4                huart1
                0x0000000020000214                hdma_adc1
                0x0000000020000258                htim1
                0x0000000020000298                hspi1
                0x00000000200002f0                htim2
 COMMON         0x0000000020000330        0x4 Drivers/STM32F1xx_HAL_Driver/Src/stm32f1xx_hal.o
                0x0000000020000330                uwTick
                0x0000000020000334                . = ALIGN (0x4)
                0x0000000020000334                _ebss = .
                0x0000000020000334                __bss_end__ = _ebss

._user_heap_stack
                0x0000000020000334      0x604 load address 0x0000000008005b1c
                0x0000000020000338                . = ALIGN (0x8)
 *fill*         0x0000000020000334        0x4 
                [!provide]                        PROVIDE (end = .)
                0x0000000020000338                PROVIDE (_end = .)
                0x0000000020000538                . = (. + _Min_Heap_Size)
 *fill*         0x0000000020000338      0x200 
                0x0000000020000938                . = (. + _Min_Stack_Size)
 *fill*         0x0000000020000538      0x400 
                0x0000000020000938                . = ALIGN (0x8)

/DISCARD/
 libc.a(*)
 libm.a(*)
 libgcc.a(*)

.ARM.attributes
                0x0000000000000000       0x29
 *(.ARM.attributes)
 .ARM.attributes
                0x0000000000000000       0x1d c:/st/stm32cubeide_1.4.0/stm32cubeide/plugins/com.st.stm32cube.ide.mcu.externaltools.gnu-tools-for-stm32.7-2018-q2-update.win32_1.4.0.202007081208/tools/bin/../lib/gcc/arm-none-eabi/7.3.1/thumb/v7-m/crti.o
 .ARM.attributes
                0x000000000000001d       0x2d c:/st/stm32cubeide_1.4.0/stm32cubeide/plugins/com.st.stm32cube.ide.mcu.externaltools.gnu-tools-for-stm32.7-2018-q2-update.win32_1.4.0.202007081208/tools/bin/../lib/gcc/arm-none-eabi/7.3.1/thumb/v7-m/crtbegin.o
 .ARM.attributes
                0x000000000000004a       0x33 Core/Src/DRV8305.o
 .ARM.attributes
                0x000000000000007d       0x33 Core/Src/main.o
 .ARM.attributes
                0x00000000000000b0       0x33 Core/Src/stm32f1xx_hal_msp.o
 .ARM.attributes
                0x00000000000000e3       0x33 Core/Src/stm32f1xx_it.o
 .ARM.attributes
                0x0000000000000116       0x33 Core/Src/system_stm32f1xx.o
 .ARM.attributes
                0x0000000000000149       0x21 Core/Startup/startup_stm32f103tbux.o
 .ARM.attributes
                0x000000000000016a       0x33 Drivers/STM32F1xx_HAL_Driver/Src/stm32f1xx_hal.o
 .ARM.attributes
                0x000000000000019d       0x33 Drivers/STM32F1xx_HAL_Driver/Src/stm32f1xx_hal_adc.o
 .ARM.attributes
                0x00000000000001d0       0x33 Drivers/STM32F1xx_HAL_Driver/Src/stm32f1xx_hal_cortex.o
 .ARM.attributes
                0x0000000000000203       0x33 Drivers/STM32F1xx_HAL_Driver/Src/stm32f1xx_hal_dma.o
 .ARM.attributes
                0x0000000000000236       0x33 Drivers/STM32F1xx_HAL_Driver/Src/stm32f1xx_hal_gpio.o
 .ARM.attributes
                0x0000000000000269       0x33 Drivers/STM32F1xx_HAL_Driver/Src/stm32f1xx_hal_rcc.o
 .ARM.attributes
                0x000000000000029c       0x33 Drivers/STM32F1xx_HAL_Driver/Src/stm32f1xx_hal_rcc_ex.o
 .ARM.attributes
                0x00000000000002cf       0x33 Drivers/STM32F1xx_HAL_Driver/Src/stm32f1xx_hal_spi.o
 .ARM.attributes
                0x0000000000000302       0x33 Drivers/STM32F1xx_HAL_Driver/Src/stm32f1xx_hal_tim.o
 .ARM.attributes
                0x0000000000000335       0x33 Drivers/STM32F1xx_HAL_Driver/Src/stm32f1xx_hal_tim_ex.o
 .ARM.attributes
                0x0000000000000368       0x33 Drivers/STM32F1xx_HAL_Driver/Src/stm32f1xx_hal_uart.o
 .ARM.attributes
                0x000000000000039b       0x2d c:/st/stm32cubeide_1.4.0/stm32cubeide/plugins/com.st.stm32cube.ide.mcu.externaltools.gnu-tools-for-stm32.7-2018-q2-update.win32_1.4.0.202007081208/tools/bin/../lib/gcc/arm-none-eabi/7.3.1/../../../../arm-none-eabi/lib/thumb/v7-m\libc_nano.a(lib_a-init.o)
 .ARM.attributes
                0x00000000000003c8       0x2d c:/st/stm32cubeide_1.4.0/stm32cubeide/plugins/com.st.stm32cube.ide.mcu.externaltools.gnu-tools-for-stm32.7-2018-q2-update.win32_1.4.0.202007081208/tools/bin/../lib/gcc/arm-none-eabi/7.3.1/../../../../arm-none-eabi/lib/thumb/v7-m\libc_nano.a(lib_a-memcpy-stub.o)
 .ARM.attributes
                0x00000000000003f5       0x2d c:/st/stm32cubeide_1.4.0/stm32cubeide/plugins/com.st.stm32cube.ide.mcu.externaltools.gnu-tools-for-stm32.7-2018-q2-update.win32_1.4.0.202007081208/tools/bin/../lib/gcc/arm-none-eabi/7.3.1/../../../../arm-none-eabi/lib/thumb/v7-m\libc_nano.a(lib_a-memset.o)
 .ARM.attributes
                0x0000000000000422       0x1d c:/st/stm32cubeide_1.4.0/stm32cubeide/plugins/com.st.stm32cube.ide.mcu.externaltools.gnu-tools-for-stm32.7-2018-q2-update.win32_1.4.0.202007081208/tools/bin/../lib/gcc/arm-none-eabi/7.3.1/thumb/v7-m\libgcc.a(_arm_addsubsf3.o)
 .ARM.attributes
                0x000000000000043f       0x1d c:/st/stm32cubeide_1.4.0/stm32cubeide/plugins/com.st.stm32cube.ide.mcu.externaltools.gnu-tools-for-stm32.7-2018-q2-update.win32_1.4.0.202007081208/tools/bin/../lib/gcc/arm-none-eabi/7.3.1/thumb/v7-m\libgcc.a(_arm_muldivsf3.o)
 .ARM.attributes
                0x000000000000045c       0x1d c:/st/stm32cubeide_1.4.0/stm32cubeide/plugins/com.st.stm32cube.ide.mcu.externaltools.gnu-tools-for-stm32.7-2018-q2-update.win32_1.4.0.202007081208/tools/bin/../lib/gcc/arm-none-eabi/7.3.1/thumb/v7-m\libgcc.a(_arm_fixunssfsi.o)
 .ARM.attributes
                0x0000000000000479       0x1d c:/st/stm32cubeide_1.4.0/stm32cubeide/plugins/com.st.stm32cube.ide.mcu.externaltools.gnu-tools-for-stm32.7-2018-q2-update.win32_1.4.0.202007081208/tools/bin/../lib/gcc/arm-none-eabi/7.3.1/thumb/v7-m/crtn.o
OUTPUT(Uber_V2.elf elf32-littlearm)

.debug_info     0x0000000000000000     0xd9b0
 .debug_info    0x0000000000000000      0x759 Core/Src/DRV8305.o
 .debug_info    0x0000000000000759     0x1c3f Core/Src/main.o
 .debug_info    0x0000000000002398     0x132e Core/Src/stm32f1xx_hal_msp.o
 .debug_info    0x00000000000036c6      0x915 Core/Src/stm32f1xx_it.o
 .debug_info    0x0000000000003fdb      0x433 Core/Src/system_stm32f1xx.o
 .debug_info    0x000000000000440e       0x22 Core/Startup/startup_stm32f103tbux.o
 .debug_info    0x0000000000004430      0x6fe Drivers/STM32F1xx_HAL_Driver/Src/stm32f1xx_hal.o
 .debug_info    0x0000000000004b2e      0xc61 Drivers/STM32F1xx_HAL_Driver/Src/stm32f1xx_hal_adc.o
 .debug_info    0x000000000000578f      0xb46 Drivers/STM32F1xx_HAL_Driver/Src/stm32f1xx_hal_cortex.o
 .debug_info    0x00000000000062d5      0x7a6 Drivers/STM32F1xx_HAL_Driver/Src/stm32f1xx_hal_dma.o
 .debug_info    0x0000000000006a7b      0x681 Drivers/STM32F1xx_HAL_Driver/Src/stm32f1xx_hal_gpio.o
 .debug_info    0x00000000000070fc      0x804 Drivers/STM32F1xx_HAL_Driver/Src/stm32f1xx_hal_rcc.o
 .debug_info    0x0000000000007900      0x439 Drivers/STM32F1xx_HAL_Driver/Src/stm32f1xx_hal_rcc_ex.o
 .debug_info    0x0000000000007d39     0x153a Drivers/STM32F1xx_HAL_Driver/Src/stm32f1xx_hal_spi.o
 .debug_info    0x0000000000009273     0x2456 Drivers/STM32F1xx_HAL_Driver/Src/stm32f1xx_hal_tim.o
 .debug_info    0x000000000000b6c9     0x1104 Drivers/STM32F1xx_HAL_Driver/Src/stm32f1xx_hal_tim_ex.o
 .debug_info    0x000000000000c7cd     0x11e3 Drivers/STM32F1xx_HAL_Driver/Src/stm32f1xx_hal_uart.o

.debug_abbrev   0x0000000000000000     0x204b
 .debug_abbrev  0x0000000000000000      0x1b2 Core/Src/DRV8305.o
 .debug_abbrev  0x00000000000001b2      0x33b Core/Src/main.o
 .debug_abbrev  0x00000000000004ed      0x1de Core/Src/stm32f1xx_hal_msp.o
 .debug_abbrev  0x00000000000006cb      0x172 Core/Src/stm32f1xx_it.o
 .debug_abbrev  0x000000000000083d      0x134 Core/Src/system_stm32f1xx.o
 .debug_abbrev  0x0000000000000971       0x12 Core/Startup/startup_stm32f103tbux.o
 .debug_abbrev  0x0000000000000983      0x1d8 Drivers/STM32F1xx_HAL_Driver/Src/stm32f1xx_hal.o
 .debug_abbrev  0x0000000000000b5b      0x1d5 Drivers/STM32F1xx_HAL_Driver/Src/stm32f1xx_hal_adc.o
 .debug_abbrev  0x0000000000000d30      0x2d5 Drivers/STM32F1xx_HAL_Driver/Src/stm32f1xx_hal_cortex.o
 .debug_abbrev  0x0000000000001005      0x1fe Drivers/STM32F1xx_HAL_Driver/Src/stm32f1xx_hal_dma.o
 .debug_abbrev  0x0000000000001203      0x1c0 Drivers/STM32F1xx_HAL_Driver/Src/stm32f1xx_hal_gpio.o
 .debug_abbrev  0x00000000000013c3      0x243 Drivers/STM32F1xx_HAL_Driver/Src/stm32f1xx_hal_rcc.o
 .debug_abbrev  0x0000000000001606      0x175 Drivers/STM32F1xx_HAL_Driver/Src/stm32f1xx_hal_rcc_ex.o
 .debug_abbrev  0x000000000000177b      0x240 Drivers/STM32F1xx_HAL_Driver/Src/stm32f1xx_hal_spi.o
 .debug_abbrev  0x00000000000019bb      0x230 Drivers/STM32F1xx_HAL_Driver/Src/stm32f1xx_hal_tim.o
 .debug_abbrev  0x0000000000001beb      0x21e Drivers/STM32F1xx_HAL_Driver/Src/stm32f1xx_hal_tim_ex.o
 .debug_abbrev  0x0000000000001e09      0x242 Drivers/STM32F1xx_HAL_Driver/Src/stm32f1xx_hal_uart.o

.debug_aranges  0x0000000000000000      0xfb0
 .debug_aranges
                0x0000000000000000       0x30 Core/Src/DRV8305.o
 .debug_aranges
                0x0000000000000030      0x140 Core/Src/main.o
 .debug_aranges
                0x0000000000000170       0x68 Core/Src/stm32f1xx_hal_msp.o
 .debug_aranges
                0x00000000000001d8       0x88 Core/Src/stm32f1xx_it.o
 .debug_aranges
                0x0000000000000260       0x28 Core/Src/system_stm32f1xx.o
 .debug_aranges
                0x0000000000000288       0x28 Core/Startup/startup_stm32f103tbux.o
 .debug_aranges
                0x00000000000002b0       0xe0 Drivers/STM32F1xx_HAL_Driver/Src/stm32f1xx_hal.o
 .debug_aranges
                0x0000000000000390       0xf0 Drivers/STM32F1xx_HAL_Driver/Src/stm32f1xx_hal_adc.o
 .debug_aranges
                0x0000000000000480      0x100 Drivers/STM32F1xx_HAL_Driver/Src/stm32f1xx_hal_cortex.o
 .debug_aranges
                0x0000000000000580       0x80 Drivers/STM32F1xx_HAL_Driver/Src/stm32f1xx_hal_dma.o
 .debug_aranges
                0x0000000000000600       0x58 Drivers/STM32F1xx_HAL_Driver/Src/stm32f1xx_hal_gpio.o
 .debug_aranges
                0x0000000000000658       0x90 Drivers/STM32F1xx_HAL_Driver/Src/stm32f1xx_hal_rcc.o
 .debug_aranges
                0x00000000000006e8       0x30 Drivers/STM32F1xx_HAL_Driver/Src/stm32f1xx_hal_rcc_ex.o
 .debug_aranges
                0x0000000000000718      0x1d0 Drivers/STM32F1xx_HAL_Driver/Src/stm32f1xx_hal_spi.o
 .debug_aranges
                0x00000000000008e8      0x3a8 Drivers/STM32F1xx_HAL_Driver/Src/stm32f1xx_hal_tim.o
 .debug_aranges
                0x0000000000000c90      0x150 Drivers/STM32F1xx_HAL_Driver/Src/stm32f1xx_hal_tim_ex.o
 .debug_aranges
                0x0000000000000de0      0x1d0 Drivers/STM32F1xx_HAL_Driver/Src/stm32f1xx_hal_uart.o

.debug_ranges   0x0000000000000000      0xea8
 .debug_ranges  0x0000000000000000       0x20 Core/Src/DRV8305.o
 .debug_ranges  0x0000000000000020      0x130 Core/Src/main.o
 .debug_ranges  0x0000000000000150       0x58 Core/Src/stm32f1xx_hal_msp.o
 .debug_ranges  0x00000000000001a8       0x78 Core/Src/stm32f1xx_it.o
 .debug_ranges  0x0000000000000220       0x18 Core/Src/system_stm32f1xx.o
 .debug_ranges  0x0000000000000238       0x20 Core/Startup/startup_stm32f103tbux.o
 .debug_ranges  0x0000000000000258       0xd0 Drivers/STM32F1xx_HAL_Driver/Src/stm32f1xx_hal.o
 .debug_ranges  0x0000000000000328       0xe0 Drivers/STM32F1xx_HAL_Driver/Src/stm32f1xx_hal_adc.o
 .debug_ranges  0x0000000000000408       0xf0 Drivers/STM32F1xx_HAL_Driver/Src/stm32f1xx_hal_cortex.o
 .debug_ranges  0x00000000000004f8       0x70 Drivers/STM32F1xx_HAL_Driver/Src/stm32f1xx_hal_dma.o
 .debug_ranges  0x0000000000000568       0x48 Drivers/STM32F1xx_HAL_Driver/Src/stm32f1xx_hal_gpio.o
 .debug_ranges  0x00000000000005b0       0x80 Drivers/STM32F1xx_HAL_Driver/Src/stm32f1xx_hal_rcc.o
 .debug_ranges  0x0000000000000630       0x20 Drivers/STM32F1xx_HAL_Driver/Src/stm32f1xx_hal_rcc_ex.o
 .debug_ranges  0x0000000000000650      0x1c0 Drivers/STM32F1xx_HAL_Driver/Src/stm32f1xx_hal_spi.o
 .debug_ranges  0x0000000000000810      0x398 Drivers/STM32F1xx_HAL_Driver/Src/stm32f1xx_hal_tim.o
 .debug_ranges  0x0000000000000ba8      0x140 Drivers/STM32F1xx_HAL_Driver/Src/stm32f1xx_hal_tim_ex.o
 .debug_ranges  0x0000000000000ce8      0x1c0 Drivers/STM32F1xx_HAL_Driver/Src/stm32f1xx_hal_uart.o

.debug_macro    0x0000000000000000    0x14c1d
 .debug_macro   0x0000000000000000      0x1c7 Core/Src/DRV8305.o
 .debug_macro   0x00000000000001c7      0xa5a Core/Src/DRV8305.o
 .debug_macro   0x0000000000000c21      0x22d Core/Src/DRV8305.o
 .debug_macro   0x0000000000000e4e       0x2e Core/Src/DRV8305.o
 .debug_macro   0x0000000000000e7c       0x22 Core/Src/DRV8305.o
 .debug_macro   0x0000000000000e9e       0x22 Core/Src/DRV8305.o
 .debug_macro   0x0000000000000ec0       0x8e Core/Src/DRV8305.o
 .debug_macro   0x0000000000000f4e       0x51 Core/Src/DRV8305.o
 .debug_macro   0x0000000000000f9f       0xef Core/Src/DRV8305.o
 .debug_macro   0x000000000000108e       0x6a Core/Src/DRV8305.o
 .debug_macro   0x00000000000010f8      0x1df Core/Src/DRV8305.o
 .debug_macro   0x00000000000012d7       0x1c Core/Src/DRV8305.o
 .debug_macro   0x00000000000012f3       0x22 Core/Src/DRV8305.o
 .debug_macro   0x0000000000001315       0xc3 Core/Src/DRV8305.o
 .debug_macro   0x00000000000013d8      0xd23 Core/Src/DRV8305.o
 .debug_macro   0x00000000000020fb     0xe09e Core/Src/DRV8305.o
 .debug_macro   0x0000000000010199       0x43 Core/Src/DRV8305.o
 .debug_macro   0x00000000000101dc      0x174 Core/Src/DRV8305.o
 .debug_macro   0x0000000000010350       0x5a Core/Src/DRV8305.o
 .debug_macro   0x00000000000103aa      0x5be Core/Src/DRV8305.o
 .debug_macro   0x0000000000010968      0x289 Core/Src/DRV8305.o
 .debug_macro   0x0000000000010bf1      0x1cb Core/Src/DRV8305.o
 .debug_macro   0x0000000000010dbc      0x114 Core/Src/DRV8305.o
 .debug_macro   0x0000000000010ed0      0x1b2 Core/Src/DRV8305.o
 .debug_macro   0x0000000000011082       0x27 Core/Src/DRV8305.o
 .debug_macro   0x00000000000110a9      0x136 Core/Src/DRV8305.o
 .debug_macro   0x00000000000111df      0x1bc Core/Src/DRV8305.o
 .debug_macro   0x000000000001139b       0x34 Core/Src/DRV8305.o
 .debug_macro   0x00000000000113cf       0x3c Core/Src/DRV8305.o
 .debug_macro   0x000000000001140b       0x57 Core/Src/DRV8305.o
 .debug_macro   0x0000000000011462      0x46a Core/Src/DRV8305.o
 .debug_macro   0x00000000000118cc      0x1b5 Core/Src/DRV8305.o
 .debug_macro   0x0000000000011a81       0x88 Core/Src/DRV8305.o
 .debug_macro   0x0000000000011b09      0x241 Core/Src/DRV8305.o
 .debug_macro   0x0000000000011d4a      0x141 Core/Src/DRV8305.o
 .debug_macro   0x0000000000011e8b      0x217 Core/Src/DRV8305.o
 .debug_macro   0x00000000000120a2      0x88b Core/Src/DRV8305.o
 .debug_macro   0x000000000001292d      0x26b Core/Src/DRV8305.o
 .debug_macro   0x0000000000012b98       0x83 Core/Src/DRV8305.o
 .debug_macro   0x0000000000012c1b      0x1f2 Core/Src/DRV8305.o
 .debug_macro   0x0000000000012e0d      0x24e Core/Src/main.o
 .debug_macro   0x000000000001305b       0xc4 Core/Src/main.o
 .debug_macro   0x000000000001311f      0x1f8 Core/Src/main.o
 .debug_macro   0x0000000000013317      0x1c7 Core/Src/stm32f1xx_hal_msp.o
 .debug_macro   0x00000000000134de      0x1d1 Core/Src/stm32f1xx_it.o
 .debug_macro   0x00000000000136af      0x1be Core/Src/system_stm32f1xx.o
 .debug_macro   0x000000000001386d      0x1dc Drivers/STM32F1xx_HAL_Driver/Src/stm32f1xx_hal.o
 .debug_macro   0x0000000000013a49      0x1d5 Drivers/STM32F1xx_HAL_Driver/Src/stm32f1xx_hal_adc.o
 .debug_macro   0x0000000000013c1e      0x1b8 Drivers/STM32F1xx_HAL_Driver/Src/stm32f1xx_hal_cortex.o
 .debug_macro   0x0000000000013dd6      0x1b8 Drivers/STM32F1xx_HAL_Driver/Src/stm32f1xx_hal_dma.o
 .debug_macro   0x0000000000013f8e      0x223 Drivers/STM32F1xx_HAL_Driver/Src/stm32f1xx_hal_gpio.o
 .debug_macro   0x00000000000141b1      0x1ca Drivers/STM32F1xx_HAL_Driver/Src/stm32f1xx_hal_rcc.o
 .debug_macro   0x000000000001437b      0x1b8 Drivers/STM32F1xx_HAL_Driver/Src/stm32f1xx_hal_rcc_ex.o
 .debug_macro   0x0000000000014533      0x1c0 Drivers/STM32F1xx_HAL_Driver/Src/stm32f1xx_hal_spi.o
 .debug_macro   0x00000000000146f3      0x1b9 Drivers/STM32F1xx_HAL_Driver/Src/stm32f1xx_hal_tim.o
 .debug_macro   0x00000000000148ac      0x1b8 Drivers/STM32F1xx_HAL_Driver/Src/stm32f1xx_hal_tim_ex.o
 .debug_macro   0x0000000000014a64      0x1b9 Drivers/STM32F1xx_HAL_Driver/Src/stm32f1xx_hal_uart.o

.debug_line     0x0000000000000000     0xad21
 .debug_line    0x0000000000000000      0x6b1 Core/Src/DRV8305.o
 .debug_line    0x00000000000006b1      0xc62 Core/Src/main.o
 .debug_line    0x0000000000001313      0x7bc Core/Src/stm32f1xx_hal_msp.o
 .debug_line    0x0000000000001acf      0x77c Core/Src/stm32f1xx_it.o
 .debug_line    0x000000000000224b      0x6af Core/Src/system_stm32f1xx.o
 .debug_line    0x00000000000028fa       0x84 Core/Startup/startup_stm32f103tbux.o
 .debug_line    0x000000000000297e      0x857 Drivers/STM32F1xx_HAL_Driver/Src/stm32f1xx_hal.o
 .debug_line    0x00000000000031d5      0xba9 Drivers/STM32F1xx_HAL_Driver/Src/stm32f1xx_hal_adc.o
 .debug_line    0x0000000000003d7e      0x930 Drivers/STM32F1xx_HAL_Driver/Src/stm32f1xx_hal_cortex.o
 .debug_line    0x00000000000046ae      0xabe Drivers/STM32F1xx_HAL_Driver/Src/stm32f1xx_hal_dma.o
 .debug_line    0x000000000000516c      0x857 Drivers/STM32F1xx_HAL_Driver/Src/stm32f1xx_hal_gpio.o
 .debug_line    0x00000000000059c3      0x919 Drivers/STM32F1xx_HAL_Driver/Src/stm32f1xx_hal_rcc.o
 .debug_line    0x00000000000062dc      0x737 Drivers/STM32F1xx_HAL_Driver/Src/stm32f1xx_hal_rcc_ex.o
 .debug_line    0x0000000000006a13     0x1025 Drivers/STM32F1xx_HAL_Driver/Src/stm32f1xx_hal_spi.o
 .debug_line    0x0000000000007a38     0x171d Drivers/STM32F1xx_HAL_Driver/Src/stm32f1xx_hal_tim.o
 .debug_line    0x0000000000009155      0xc6a Drivers/STM32F1xx_HAL_Driver/Src/stm32f1xx_hal_tim_ex.o
 .debug_line    0x0000000000009dbf      0xf62 Drivers/STM32F1xx_HAL_Driver/Src/stm32f1xx_hal_uart.o

.debug_str      0x0000000000000000    0x74f97
 .debug_str     0x0000000000000000    0x70c4d Core/Src/DRV8305.o
                                      0x70f45 (size before relaxing)
 .debug_str     0x0000000000070c4d     0x126c Core/Src/main.o
                                      0x7225e (size before relaxing)
 .debug_str     0x0000000000071eb9       0xde Core/Src/stm32f1xx_hal_msp.o
                                      0x71637 (size before relaxing)
 .debug_str     0x0000000000071f97      0x11a Core/Src/stm32f1xx_it.o
                                      0x7101b (size before relaxing)
 .debug_str     0x00000000000720b1       0xc2 Core/Src/system_stm32f1xx.o
                                      0x7077a (size before relaxing)
 .debug_str     0x0000000000072173       0x36 Core/Startup/startup_stm32f103tbux.o
                                         0x80 (size before relaxing)
 .debug_str     0x00000000000721a9      0x3c5 Drivers/STM32F1xx_HAL_Driver/Src/stm32f1xx_hal.o
                                      0x70d8b (size before relaxing)
 .debug_str     0x000000000007256e      0x33e Drivers/STM32F1xx_HAL_Driver/Src/stm32f1xx_hal_adc.o
                                      0x70d90 (size before relaxing)
 .debug_str     0x00000000000728ac      0x2c2 Drivers/STM32F1xx_HAL_Driver/Src/stm32f1xx_hal_cortex.o
                                      0x70d99 (size before relaxing)
 .debug_str     0x0000000000072b6e      0x23f Drivers/STM32F1xx_HAL_Driver/Src/stm32f1xx_hal_dma.o
                                      0x70adb (size before relaxing)
 .debug_str     0x0000000000072dad      0x31f Drivers/STM32F1xx_HAL_Driver/Src/stm32f1xx_hal_gpio.o
                                      0x70ac4 (size before relaxing)
 .debug_str     0x00000000000730cc      0x263 Drivers/STM32F1xx_HAL_Driver/Src/stm32f1xx_hal_rcc.o
                                      0x70afd (size before relaxing)
 .debug_str     0x000000000007332f       0xb9 Drivers/STM32F1xx_HAL_Driver/Src/stm32f1xx_hal_rcc_ex.o
                                      0x7088a (size before relaxing)
 .debug_str     0x00000000000733e8      0x529 Drivers/STM32F1xx_HAL_Driver/Src/stm32f1xx_hal_spi.o
                                      0x70feb (size before relaxing)
 .debug_str     0x0000000000073911      0xcfc Drivers/STM32F1xx_HAL_Driver/Src/stm32f1xx_hal_tim.o
                                      0x718c8 (size before relaxing)
 .debug_str     0x000000000007460d      0x49b Drivers/STM32F1xx_HAL_Driver/Src/stm32f1xx_hal_tim_ex.o
                                      0x710c8 (size before relaxing)
 .debug_str     0x0000000000074aa8      0x4ef Drivers/STM32F1xx_HAL_Driver/Src/stm32f1xx_hal_uart.o
                                      0x70fec (size before relaxing)

.comment        0x0000000000000000       0x7b
 .comment       0x0000000000000000       0x7b Core/Src/DRV8305.o
                                         0x7c (size before relaxing)
 .comment       0x000000000000007b       0x7c Core/Src/main.o
 .comment       0x000000000000007b       0x7c Core/Src/stm32f1xx_hal_msp.o
 .comment       0x000000000000007b       0x7c Core/Src/stm32f1xx_it.o
 .comment       0x000000000000007b       0x7c Core/Src/system_stm32f1xx.o
 .comment       0x000000000000007b       0x7c Drivers/STM32F1xx_HAL_Driver/Src/stm32f1xx_hal.o
 .comment       0x000000000000007b       0x7c Drivers/STM32F1xx_HAL_Driver/Src/stm32f1xx_hal_adc.o
 .comment       0x000000000000007b       0x7c Drivers/STM32F1xx_HAL_Driver/Src/stm32f1xx_hal_cortex.o
 .comment       0x000000000000007b       0x7c Drivers/STM32F1xx_HAL_Driver/Src/stm32f1xx_hal_dma.o
 .comment       0x000000000000007b       0x7c Drivers/STM32F1xx_HAL_Driver/Src/stm32f1xx_hal_gpio.o
 .comment       0x000000000000007b       0x7c Drivers/STM32F1xx_HAL_Driver/Src/stm32f1xx_hal_rcc.o
 .comment       0x000000000000007b       0x7c Drivers/STM32F1xx_HAL_Driver/Src/stm32f1xx_hal_rcc_ex.o
 .comment       0x000000000000007b       0x7c Drivers/STM32F1xx_HAL_Driver/Src/stm32f1xx_hal_spi.o
 .comment       0x000000000000007b       0x7c Drivers/STM32F1xx_HAL_Driver/Src/stm32f1xx_hal_tim.o
 .comment       0x000000000000007b       0x7c Drivers/STM32F1xx_HAL_Driver/Src/stm32f1xx_hal_tim_ex.o
 .comment       0x000000000000007b       0x7c Drivers/STM32F1xx_HAL_Driver/Src/stm32f1xx_hal_uart.o

.debug_frame    0x0000000000000000     0x4288
 .debug_frame   0x0000000000000000       0x80 Core/Src/DRV8305.o
 .debug_frame   0x0000000000000080      0x524 Core/Src/main.o
 .debug_frame   0x00000000000005a4      0x17c Core/Src/stm32f1xx_hal_msp.o
 .debug_frame   0x0000000000000720      0x198 Core/Src/stm32f1xx_it.o
 .debug_frame   0x00000000000008b8       0x58 Core/Src/system_stm32f1xx.o
 .debug_frame   0x0000000000000910      0x334 Drivers/STM32F1xx_HAL_Driver/Src/stm32f1xx_hal.o
 .debug_frame   0x0000000000000c44      0x40c Drivers/STM32F1xx_HAL_Driver/Src/stm32f1xx_hal_adc.o
 .debug_frame   0x0000000000001050      0x428 Drivers/STM32F1xx_HAL_Driver/Src/stm32f1xx_hal_cortex.o
 .debug_frame   0x0000000000001478      0x208 Drivers/STM32F1xx_HAL_Driver/Src/stm32f1xx_hal_dma.o
 .debug_frame   0x0000000000001680      0x14c Drivers/STM32F1xx_HAL_Driver/Src/stm32f1xx_hal_gpio.o
 .debug_frame   0x00000000000017cc      0x21c Drivers/STM32F1xx_HAL_Driver/Src/stm32f1xx_hal_rcc.o
 .debug_frame   0x00000000000019e8       0x84 Drivers/STM32F1xx_HAL_Driver/Src/stm32f1xx_hal_rcc_ex.o
 .debug_frame   0x0000000000001a6c      0x824 Drivers/STM32F1xx_HAL_Driver/Src/stm32f1xx_hal_spi.o
 .debug_frame   0x0000000000002290     0x10e8 Drivers/STM32F1xx_HAL_Driver/Src/stm32f1xx_hal_tim.o
 .debug_frame   0x0000000000003378      0x5c0 Drivers/STM32F1xx_HAL_Driver/Src/stm32f1xx_hal_tim_ex.o
 .debug_frame   0x0000000000003938      0x834 Drivers/STM32F1xx_HAL_Driver/Src/stm32f1xx_hal_uart.o
 .debug_frame   0x000000000000416c       0x2c c:/st/stm32cubeide_1.4.0/stm32cubeide/plugins/com.st.stm32cube.ide.mcu.externaltools.gnu-tools-for-stm32.7-2018-q2-update.win32_1.4.0.202007081208/tools/bin/../lib/gcc/arm-none-eabi/7.3.1/../../../../arm-none-eabi/lib/thumb/v7-m\libc_nano.a(lib_a-init.o)
 .debug_frame   0x0000000000004198       0x28 c:/st/stm32cubeide_1.4.0/stm32cubeide/plugins/com.st.stm32cube.ide.mcu.externaltools.gnu-tools-for-stm32.7-2018-q2-update.win32_1.4.0.202007081208/tools/bin/../lib/gcc/arm-none-eabi/7.3.1/../../../../arm-none-eabi/lib/thumb/v7-m\libc_nano.a(lib_a-memcpy-stub.o)
 .debug_frame   0x00000000000041c0       0x20 c:/st/stm32cubeide_1.4.0/stm32cubeide/plugins/com.st.stm32cube.ide.mcu.externaltools.gnu-tools-for-stm32.7-2018-q2-update.win32_1.4.0.202007081208/tools/bin/../lib/gcc/arm-none-eabi/7.3.1/../../../../arm-none-eabi/lib/thumb/v7-m\libc_nano.a(lib_a-memset.o)
 .debug_frame   0x00000000000041e0       0x4c c:/st/stm32cubeide_1.4.0/stm32cubeide/plugins/com.st.stm32cube.ide.mcu.externaltools.gnu-tools-for-stm32.7-2018-q2-update.win32_1.4.0.202007081208/tools/bin/../lib/gcc/arm-none-eabi/7.3.1/thumb/v7-m\libgcc.a(_arm_addsubsf3.o)
 .debug_frame   0x000000000000422c       0x38 c:/st/stm32cubeide_1.4.0/stm32cubeide/plugins/com.st.stm32cube.ide.mcu.externaltools.gnu-tools-for-stm32.7-2018-q2-update.win32_1.4.0.202007081208/tools/bin/../lib/gcc/arm-none-eabi/7.3.1/thumb/v7-m\libgcc.a(_arm_muldivsf3.o)
 .debug_frame   0x0000000000004264       0x24 c:/st/stm32cubeide_1.4.0/stm32cubeide/plugins/com.st.stm32cube.ide.mcu.externaltools.gnu-tools-for-stm32.7-2018-q2-update.win32_1.4.0.202007081208/tools/bin/../lib/gcc/arm-none-eabi/7.3.1/thumb/v7-m\libgcc.a(_arm_fixunssfsi.o)
